Archive member included to satisfy reference by file (symbol)

C:/ST/STM32CubeIDE_1.15.1/STM32CubeIDE/plugins/com.st.stm32cube.ide.mcu.externaltools.gnu-tools-for-stm32.12.3.rel1.win32_1.0.100.202403111256/tools/bin/../lib/gcc/arm-none-eabi/12.3.1/../../../../arm-none-eabi/lib/thumb/v7-m/nofp\libc_nano.a(libc_a-exit.o)
                              C:/ST/STM32CubeIDE_1.15.1/STM32CubeIDE/plugins/com.st.stm32cube.ide.mcu.externaltools.gnu-tools-for-stm32.12.3.rel1.win32_1.0.100.202403111256/tools/bin/../lib/gcc/arm-none-eabi/12.3.1/../../../../arm-none-eabi/lib/thumb/v7-m/nofp/crt0.o (exit)
C:/ST/STM32CubeIDE_1.15.1/STM32CubeIDE/plugins/com.st.stm32cube.ide.mcu.externaltools.gnu-tools-for-stm32.12.3.rel1.win32_1.0.100.202403111256/tools/bin/../lib/gcc/arm-none-eabi/12.3.1/../../../../arm-none-eabi/lib/thumb/v7-m/nofp\libc_nano.a(libc_a-findfp.o)
                              C:/ST/STM32CubeIDE_1.15.1/STM32CubeIDE/plugins/com.st.stm32cube.ide.mcu.externaltools.gnu-tools-for-stm32.12.3.rel1.win32_1.0.100.202403111256/tools/bin/../lib/gcc/arm-none-eabi/12.3.1/../../../../arm-none-eabi/lib/thumb/v7-m/nofp\libc_nano.a(libc_a-exit.o) (__stdio_exit_handler)
C:/ST/STM32CubeIDE_1.15.1/STM32CubeIDE/plugins/com.st.stm32cube.ide.mcu.externaltools.gnu-tools-for-stm32.12.3.rel1.win32_1.0.100.202403111256/tools/bin/../lib/gcc/arm-none-eabi/12.3.1/../../../../arm-none-eabi/lib/thumb/v7-m/nofp\libc_nano.a(libc_a-fwalk.o)
                              C:/ST/STM32CubeIDE_1.15.1/STM32CubeIDE/plugins/com.st.stm32cube.ide.mcu.externaltools.gnu-tools-for-stm32.12.3.rel1.win32_1.0.100.202403111256/tools/bin/../lib/gcc/arm-none-eabi/12.3.1/../../../../arm-none-eabi/lib/thumb/v7-m/nofp\libc_nano.a(libc_a-findfp.o) (_fwalk_sglue)
C:/ST/STM32CubeIDE_1.15.1/STM32CubeIDE/plugins/com.st.stm32cube.ide.mcu.externaltools.gnu-tools-for-stm32.12.3.rel1.win32_1.0.100.202403111256/tools/bin/../lib/gcc/arm-none-eabi/12.3.1/../../../../arm-none-eabi/lib/thumb/v7-m/nofp\libc_nano.a(libc_a-stdio.o)
                              C:/ST/STM32CubeIDE_1.15.1/STM32CubeIDE/plugins/com.st.stm32cube.ide.mcu.externaltools.gnu-tools-for-stm32.12.3.rel1.win32_1.0.100.202403111256/tools/bin/../lib/gcc/arm-none-eabi/12.3.1/../../../../arm-none-eabi/lib/thumb/v7-m/nofp\libc_nano.a(libc_a-findfp.o) (__sread)
C:/ST/STM32CubeIDE_1.15.1/STM32CubeIDE/plugins/com.st.stm32cube.ide.mcu.externaltools.gnu-tools-for-stm32.12.3.rel1.win32_1.0.100.202403111256/tools/bin/../lib/gcc/arm-none-eabi/12.3.1/../../../../arm-none-eabi/lib/thumb/v7-m/nofp\libc_nano.a(libc_a-memset.o)
                              C:/ST/STM32CubeIDE_1.15.1/STM32CubeIDE/plugins/com.st.stm32cube.ide.mcu.externaltools.gnu-tools-for-stm32.12.3.rel1.win32_1.0.100.202403111256/tools/bin/../lib/gcc/arm-none-eabi/12.3.1/../../../../arm-none-eabi/lib/thumb/v7-m/nofp/crt0.o (memset)
C:/ST/STM32CubeIDE_1.15.1/STM32CubeIDE/plugins/com.st.stm32cube.ide.mcu.externaltools.gnu-tools-for-stm32.12.3.rel1.win32_1.0.100.202403111256/tools/bin/../lib/gcc/arm-none-eabi/12.3.1/../../../../arm-none-eabi/lib/thumb/v7-m/nofp\libc_nano.a(libc_a-closer.o)
                              C:/ST/STM32CubeIDE_1.15.1/STM32CubeIDE/plugins/com.st.stm32cube.ide.mcu.externaltools.gnu-tools-for-stm32.12.3.rel1.win32_1.0.100.202403111256/tools/bin/../lib/gcc/arm-none-eabi/12.3.1/../../../../arm-none-eabi/lib/thumb/v7-m/nofp\libc_nano.a(libc_a-stdio.o) (_close_r)
C:/ST/STM32CubeIDE_1.15.1/STM32CubeIDE/plugins/com.st.stm32cube.ide.mcu.externaltools.gnu-tools-for-stm32.12.3.rel1.win32_1.0.100.202403111256/tools/bin/../lib/gcc/arm-none-eabi/12.3.1/../../../../arm-none-eabi/lib/thumb/v7-m/nofp\libc_nano.a(libc_a-reent.o)
                              C:/ST/STM32CubeIDE_1.15.1/STM32CubeIDE/plugins/com.st.stm32cube.ide.mcu.externaltools.gnu-tools-for-stm32.12.3.rel1.win32_1.0.100.202403111256/tools/bin/../lib/gcc/arm-none-eabi/12.3.1/../../../../arm-none-eabi/lib/thumb/v7-m/nofp\libc_nano.a(libc_a-closer.o) (errno)
C:/ST/STM32CubeIDE_1.15.1/STM32CubeIDE/plugins/com.st.stm32cube.ide.mcu.externaltools.gnu-tools-for-stm32.12.3.rel1.win32_1.0.100.202403111256/tools/bin/../lib/gcc/arm-none-eabi/12.3.1/../../../../arm-none-eabi/lib/thumb/v7-m/nofp\libc_nano.a(libc_a-impure.o)
                              C:/ST/STM32CubeIDE_1.15.1/STM32CubeIDE/plugins/com.st.stm32cube.ide.mcu.externaltools.gnu-tools-for-stm32.12.3.rel1.win32_1.0.100.202403111256/tools/bin/../lib/gcc/arm-none-eabi/12.3.1/../../../../arm-none-eabi/lib/thumb/v7-m/nofp\libc_nano.a(libc_a-reent.o) (_impure_ptr)
C:/ST/STM32CubeIDE_1.15.1/STM32CubeIDE/plugins/com.st.stm32cube.ide.mcu.externaltools.gnu-tools-for-stm32.12.3.rel1.win32_1.0.100.202403111256/tools/bin/../lib/gcc/arm-none-eabi/12.3.1/../../../../arm-none-eabi/lib/thumb/v7-m/nofp\libc_nano.a(libc_a-lseekr.o)
[...]
Memory Configuration

Name             Origin             Length             Attributes
RAM              0x20000000         0x00005000         xrw
FLASH            0x08000000         0x00010000         xr
*default*        0x00000000         0xffffffff

Linker script and memory map

LOAD C:/ST/STM32CubeIDE_1.15.1/STM32CubeIDE/plugins/com.st.stm32cube.ide.mcu.externaltools.gnu-tools-for-stm32.12.3.rel1.win32_1.0.100.202403111256/tools/bin/../lib/gcc/arm-none-eabi/12.3.1/thumb/v7-m/nofp/crti.o
LOAD C:/ST/STM32CubeIDE_1.15.1/STM32CubeIDE/plugins/com.st.stm32cube.ide.mcu.externaltools.gnu-tools-for-stm32.12.3.rel1.win32_1.0.100.202403111256/tools/bin/../lib/gcc/arm-none-eabi/12.3.1/thumb/v7-m/nofp/crtbegin.o
LOAD C:/ST/STM32CubeIDE_1.15.1/STM32CubeIDE/plugins/com.st.stm32cube.ide.mcu.externaltools.gnu-tools-for-stm32.12.3.rel1.win32_1.0.100.202403111256/tools/bin/../lib/gcc/arm-none-eabi/12.3.1/../../../../arm-none-eabi/lib/thumb/v7-m/nofp/crt0.o
LOAD ./Core/Src/main.o
LOAD ./Core/Src/stm32f1xx_hal_msp.o
LOAD ./Core/Src/stm32f1xx_it.o
LOAD ./Core/Src/syscalls.o
LOAD ./Core/Src/sysmem.o
LOAD ./Core/Src/system_stm32f1xx.o
LOAD ./Core/Startup/startup_stm32f103c8tx.o
LOAD ./Drivers/STM32F1xx_HAL_Driver/Src/stm32f1xx_hal.o
LOAD ./Drivers/STM32F1xx_HAL_Driver/Src/stm32f1xx_hal_cortex.o
LOAD ./Drivers/STM32F1xx_HAL_Driver/Src/stm32f1xx_hal_dma.o
LOAD ./Drivers/STM32F1xx_HAL_Driver/Src/stm32f1xx_hal_exti.o
LOAD ./Drivers/STM32F1xx_HAL_Driver/Src/stm32f1xx_hal_flash.o
LOAD ./Drivers/STM32F1xx_HAL_Driver/Src/stm32f1xx_hal_flash_ex.o
LOAD ./Drivers/STM32F1xx_HAL_Driver/Src/stm32f1xx_hal_gpio.o
LOAD ./Drivers/STM32F1xx_HAL_Driver/Src/stm32f1xx_hal_gpio_ex.o
LOAD ./Drivers/STM32F1xx_HAL_Driver/Src/stm32f1xx_hal_pcd.o
LOAD ./Drivers/STM32F1xx_HAL_Driver/Src/stm32f1xx_hal_pcd_ex.o
LOAD ./Drivers/STM32F1xx_HAL_Driver/Src/stm32f1xx_hal_pwr.o
LOAD ./Drivers/STM32F1xx_HAL_Driver/Src/stm32f1xx_hal_rcc.o
LOAD ./Drivers/STM32F1xx_HAL_Driver/Src/stm32f1xx_hal_rcc_ex.o
LOAD ./Drivers/STM32F1xx_HAL_Driver/Src/stm32f1xx_hal_tim.o
LOAD ./Drivers/STM32F1xx_HAL_Driver/Src/stm32f1xx_hal_tim_ex.o
LOAD ./Drivers/STM32F1xx_HAL_Driver/Src/stm32f1xx_ll_usb.o
LOAD ./Middlewares/ST/STM32_USB_Device_Library/Class/CDC/Src/usbd_cdc.o
LOAD ./Middlewares/ST/STM32_USB_Device_Library/Core/Src/usbd_core.o
LOAD ./Middlewares/ST/STM32_USB_Device_Library/Core/Src/usbd_ctlreq.o
LOAD ./Middlewares/ST/STM32_USB_Device_Library/Core/Src/usbd_ioreq.o
LOAD ./USB_DEVICE/App/usb_device.o
LOAD ./USB_DEVICE/App/usbd_cdc_if.o
LOAD ./USB_DEVICE/App/usbd_desc.o
LOAD ./USB_DEVICE/Target/usbd_conf.o
START GROUP
LOAD C:/ST/STM32CubeIDE_1.15.1/STM32CubeIDE/plugins/com.st.stm32cube.ide.mcu.externaltools.gnu-tools-for-stm32.12.3.rel1.win32_1.0.100.202403111256/tools/bin/../lib/gcc/arm-none-eabi/12.3.1/../../../../arm-none-eabi/lib/thumb/v7-m/nofp\libc_nano.a
LOAD C:/ST/STM32CubeIDE_1.15.1/STM32CubeIDE/plugins/com.st.stm32cube.ide.mcu.externaltools.gnu-tools-for-stm32.12.3.rel1.win32_1.0.100.202403111256/tools/bin/../lib/gcc/arm-none-eabi/12.3.1/../../../../arm-none-eabi/lib/thumb/v7-m/nofp\libm.a
END GROUP
START GROUP
LOAD C:/ST/STM32CubeIDE_1.15.1/STM32CubeIDE/plugins/com.st.stm32cube.ide.mcu.externaltools.gnu-tools-for-stm32.12.3.rel1.win32_1.0.100.202403111256/tools/bin/../lib/gcc/arm-none-eabi/12.3.1/thumb/v7-m/nofp\libgcc.a
LOAD C:/ST/STM32CubeIDE_1.15.1/STM32CubeIDE/plugins/com.st.stm32cube.ide.mcu.externaltools.gnu-tools-for-stm32.12.3.rel1.win32_1.0.100.202403111256/tools/bin/../lib/gcc/arm-none-eabi/12.3.1/../../../../arm-none-eabi/lib/thumb/v7-m/nofp\libc_nano.a
END GROUP
START GROUP
LOAD C:/ST/STM32CubeIDE_1.15.1/STM32CubeIDE/plugins/com.st.stm32cube.ide.mcu.externaltools.gnu-tools-for-stm32.12.3.rel1.win32_1.0.100.202403111256/tools/bin/../lib/gcc/arm-none-eabi/12.3.1/thumb/v7-m/nofp\libgcc.a
LOAD C:/ST/STM32CubeIDE_1.15.1/STM32CubeIDE/plugins/com.st.stm32cube.ide.mcu.externaltools.gnu-tools-for-stm32.12.3.rel1.win32_1.0.100.202403111256/tools/bin/../lib/gcc/arm-none-eabi/12.3.1/../../../../arm-none-eabi/lib/thumb/v7-m/nofp\libc_nano.a
LOAD C:/ST/STM32CubeIDE_1.15.1/STM32CubeIDE/plugins/com.st.stm32cube.ide.mcu.externaltools.gnu-tools-for-stm32.12.3.rel1.win32_1.0.100.202403111256/tools/bin/../lib/gcc/arm-none-eabi/12.3.1/../../../../arm-none-eabi/lib/thumb/v7-m/nofp\libnosys.a
END GROUP
START GROUP
LOAD C:/ST/STM32CubeIDE_1.15.1/STM32CubeIDE/plugins/com.st.stm32cube.ide.mcu.externaltools.gnu-tools-for-stm32.12.3.rel1.win32_1.0.100.202403111256/tools/bin/../lib/gcc/arm-none-eabi/12.3.1/thumb/v7-m/nofp\libgcc.a
LOAD C:/ST/STM32CubeIDE_1.15.1/STM32CubeIDE/plugins/com.st.stm32cube.ide.mcu.externaltools.gnu-tools-for-stm32.12.3.rel1.win32_1.0.100.202403111256/tools/bin/../lib/gcc/arm-none-eabi/12.3.1/../../../../arm-none-eabi/lib/thumb/v7-m/nofp\libc_nano.a
LOAD C:/ST/STM32CubeIDE_1.15.1/STM32CubeIDE/plugins/com.st.stm32cube.ide.mcu.externaltools.gnu-tools-for-stm32.12.3.rel1.win32_1.0.100.202403111256/tools/bin/../lib/gcc/arm-none-eabi/12.3.1/../../../../arm-none-eabi/lib/thumb/v7-m/nofp\libnosys.a
END GROUP
LOAD C:/ST/STM32CubeIDE_1.15.1/STM32CubeIDE/plugins/com.st.stm32cube.ide.mcu.externaltools.gnu-tools-for-stm32.12.3.rel1.win32_1.0.100.202403111256/tools/bin/../lib/gcc/arm-none-eabi/12.3.1/thumb/v7-m/nofp/crtend.o
LOAD C:/ST/STM32CubeIDE_1.15.1/STM32CubeIDE/plugins/com.st.stm32cube.ide.mcu.externaltools.gnu-tools-for-stm32.12.3.rel1.win32_1.0.100.202403111256/tools/bin/../lib/gcc/arm-none-eabi/12.3.1/thumb/v7-m/nofp/crtn.o
                0x20005000                        _estack = (ORIGIN (RAM) + LENGTH (RAM))
                0x00000200                        _Min_Heap_Size = 0x200
                0x00000400                        _Min_Stack_Size = 0x400

.isr_vector     0x08000000      0x10c
                0x08000000                        . = ALIGN (0x4)
 *(.isr_vector)
 .isr_vector    0x08000000      0x10c ./Core/Startup/startup_stm32f103c8tx.o
                0x08000000                g_pfnVectors
                0x0800010c                        . = ALIGN (0x4)

.text           0x0800010c     0x71c0
                0x0800010c                        . = ALIGN (0x4)
 *(.text)
 .text          0x0800010c       0x40 C:/ST/STM32CubeIDE_1.15.1/STM32CubeIDE/plugins/com.st.stm32cube.ide.mcu.externaltools.gnu-tools-for-stm32.12.3.rel1.win32_1.0.100.202403111256/tools/bin/../lib/gcc/arm-none-eabi/12.3.1/thumb/v7-m/nofp/crtbegin.o
 .text          0x0800014c       0x10 C:/ST/STM32CubeIDE_1.15.1/STM32CubeIDE/plugins/com.st.stm32cube.ide.mcu.externaltools.gnu-tools-for-stm32.12.3.rel1.win32_1.0.100.202403111256/tools/bin/../lib/gcc/arm-none-eabi/12.3.1/../../../../arm-none-eabi/lib/thumb/v7-m/nofp\libc_nano.a(libc_a-strlen.o)
                0x0800014c                strlen
 *(.text*)
 .text.main     0x0800015c       0x38 ./Core/Src/main.o
                0x0800015c                main
 .text.SystemClock_Config
                0x08000194       0xb4 ./Core/Src/main.o
                0x08000194                SystemClock_Config
 .text.MX_GPIO_Init
                0x08000248       0x44 ./Core/Src/main.o
 .text.Error_Handler
                0x0800028c        0xc ./Core/Src/main.o
                0x0800028c                Error_Handler
 .text.HAL_MspInit
                0x08000298       0x64 ./Core/Src/stm32f1xx_hal_msp.o
                0x08000298                HAL_MspInit
 .text.NMI_Handler
                0x080002fc        0x8 ./Core/Src/stm32f1xx_it.o
                0x080002fc                NMI_Handler
 .text.HardFault_Handler
                0x08000304        0x8 ./Core/Src/stm32f1xx_it.o
                0x08000304                HardFault_Handler
 .text.MemManage_Handler
                0x0800030c        0x8 ./Core/Src/stm32f1xx_it.o
                0x0800030c                MemManage_Handler
 .text.BusFault_Handler
                0x08000314        0x8 ./Core/Src/stm32f1xx_it.o
                0x08000314                BusFault_Handler
 .text.UsageFault_Handler
                0x0800031c        0x8 ./Core/Src/stm32f1xx_it.o
                0x0800031c                UsageFault_Handler
 .text.SVC_Handler
                0x08000324        0xc ./Core/Src/stm32f1xx_it.o
                0x08000324                SVC_Handler
 .text.DebugMon_Handler
                0x08000330        0xc ./Core/Src/stm32f1xx_it.o
                0x08000330                DebugMon_Handler
 .text.PendSV_Handler
                0x0800033c        0xc ./Core/Src/stm32f1xx_it.o
                0x0800033c                PendSV_Handler
 .text.SysTick_Handler
                0x08000348        0xc ./Core/Src/stm32f1xx_it.o
                0x08000348                SysTick_Handler
 .text.USB_LP_CAN1_RX0_IRQHandler
                0x08000354       0x14 ./Core/Src/stm32f1xx_it.o
                0x08000354                USB_LP_CAN1_RX0_IRQHandler
 .text.SystemInit
                0x08000368        0xc ./Core/Src/system_stm32f1xx.o
                0x08000368                SystemInit
 .text.Reset_Handler
                0x08000374       0x48 ./Core/Startup/startup_stm32f103c8tx.o
                0x08000374                Reset_Handler
 .text.Default_Handler
                0x080003bc        0x2 ./Core/Startup/startup_stm32f103c8tx.o
                0x080003bc                RTC_Alarm_IRQHandler
                0x080003bc                EXTI2_IRQHandler
                0x080003bc                TIM1_CC_IRQHandler
                0x080003bc                PVD_IRQHandler
                0x080003bc                EXTI3_IRQHandler
                0x080003bc                EXTI0_IRQHandler
                0x080003bc                I2C2_EV_IRQHandler
                0x080003bc                ADC1_2_IRQHandler
                0x080003bc                SPI1_IRQHandler
                0x080003bc                TAMPER_IRQHandler
                0x080003bc                DMA1_Channel4_IRQHandler
                0x080003bc                USART3_IRQHandler
                0x080003bc                RTC_IRQHandler
                0x080003bc                DMA1_Channel7_IRQHandler
                0x080003bc                CAN1_RX1_IRQHandler
                0x080003bc                TIM4_IRQHandler
                0x080003bc                I2C1_EV_IRQHandler
                0x080003bc                DMA1_Channel6_IRQHandler
                0x080003bc                TIM3_IRQHandler
                0x080003bc                RCC_IRQHandler
                0x080003bc                TIM1_TRG_COM_IRQHandler
                0x080003bc                DMA1_Channel1_IRQHandler
                0x080003bc                Default_Handler
                0x080003bc                EXTI15_10_IRQHandler
                0x080003bc                EXTI9_5_IRQHandler
                0x080003bc                SPI2_IRQHandler
                0x080003bc                DMA1_Channel5_IRQHandler
                0x080003bc                EXTI4_IRQHandler
                0x080003bc                USB_HP_CAN1_TX_IRQHandler
                0x080003bc                DMA1_Channel3_IRQHandler
                0x080003bc                TIM1_UP_IRQHandler
                0x080003bc                WWDG_IRQHandler
                0x080003bc                TIM2_IRQHandler
                0x080003bc                TIM1_BRK_IRQHandler
                0x080003bc                EXTI1_IRQHandler
                0x080003bc                USART2_IRQHandler
                0x080003bc                I2C2_ER_IRQHandler
                0x080003bc                DMA1_Channel2_IRQHandler
                0x080003bc                CAN1_SCE_IRQHandler
                0x080003bc                FLASH_IRQHandler
                0x080003bc                USART1_IRQHandler
                0x080003bc                I2C1_ER_IRQHandler
                0x080003bc                USBWakeUp_IRQHandler
 *fill*         0x080003be        0x2 
 .text.HAL_Init
                0x080003c0       0x2c ./Drivers/STM32F1xx_HAL_Driver/Src/stm32f1xx_hal.o
                0x080003c0                HAL_Init
 .text.HAL_InitTick
                0x080003ec       0x60 ./Drivers/STM32F1xx_HAL_Driver/Src/stm32f1xx_hal.o
                0x080003ec                HAL_InitTick
 .text.HAL_IncTick
                0x0800044c       0x24 ./Drivers/STM32F1xx_HAL_Driver/Src/stm32f1xx_hal.o
                0x0800044c                HAL_IncTick
 .text.HAL_GetTick
                0x08000470       0x14 ./Drivers/STM32F1xx_HAL_Driver/Src/stm32f1xx_hal.o
                0x08000470                HAL_GetTick
 .text.HAL_Delay
                0x08000484       0x48 ./Drivers/STM32F1xx_HAL_Driver/Src/stm32f1xx_hal.o
                0x08000484                HAL_Delay
 .text.__NVIC_SetPriorityGrouping
                0x080004cc       0x48 ./Drivers/STM32F1xx_HAL_Driver/Src/stm32f1xx_hal_cortex.o
 .text.__NVIC_GetPriorityGrouping
                0x08000514       0x1c ./Drivers/STM32F1xx_HAL_Driver/Src/stm32f1xx_hal_cortex.o
 .text.__NVIC_EnableIRQ
                0x08000530       0x38 ./Drivers/STM32F1xx_HAL_Driver/Src/stm32f1xx_hal_cortex.o
 .text.__NVIC_SetPriority
                0x08000568       0x54 ./Drivers/STM32F1xx_HAL_Driver/Src/stm32f1xx_hal_cortex.o
 .text.NVIC_EncodePriority
                0x080005bc       0x64 ./Drivers/STM32F1xx_HAL_Driver/Src/stm32f1xx_hal_cortex.o
 .text.SysTick_Config
                0x08000620       0x44 ./Drivers/STM32F1xx_HAL_Driver/Src/stm32f1xx_hal_cortex.o
 .text.HAL_NVIC_SetPriorityGrouping
                0x08000664       0x16 ./Drivers/STM32F1xx_HAL_Driver/Src/stm32f1xx_hal_cortex.o
                0x08000664                HAL_NVIC_SetPriorityGrouping
 .text.HAL_NVIC_SetPriority
                0x0800067a       0x38 ./Drivers/STM32F1xx_HAL_Driver/Src/stm32f1xx_hal_cortex.o
                0x0800067a                HAL_NVIC_SetPriority
 .text.HAL_NVIC_EnableIRQ
                0x080006b2       0x1c ./Drivers/STM32F1xx_HAL_Driver/Src/stm32f1xx_hal_cortex.o
                0x080006b2                HAL_NVIC_EnableIRQ
 .text.HAL_SYSTICK_Config
                0x080006ce       0x18 ./Drivers/STM32F1xx_HAL_Driver/Src/stm32f1xx_hal_cortex.o
                0x080006ce                HAL_SYSTICK_Config
 .text.HAL_PCD_Init
                0x080006e6      0x1fe ./Drivers/STM32F1xx_HAL_Driver/Src/stm32f1xx_hal_pcd.o
                0x080006e6                HAL_PCD_Init
 .text.HAL_PCD_Start
                0x080008e4       0x4c ./Drivers/STM32F1xx_HAL_Driver/Src/stm32f1xx_hal_pcd.o
                0x080008e4                HAL_PCD_Start
 .text.HAL_PCD_IRQHandler
                0x08000930      0x260 ./Drivers/STM32F1xx_HAL_Driver/Src/stm32f1xx_hal_pcd.o
                0x08000930                HAL_PCD_IRQHandler
 .text.HAL_PCD_SetAddress
                0x08000b90       0x4a ./Drivers/STM32F1xx_HAL_Driver/Src/stm32f1xx_hal_pcd.o
                0x08000b90                HAL_PCD_SetAddress
 .text.HAL_PCD_EP_Open
                0x08000bda       0xba ./Drivers/STM32F1xx_HAL_Driver/Src/stm32f1xx_hal_pcd.o
                0x08000bda                HAL_PCD_EP_Open
 .text.HAL_PCD_EP_Close
                0x08000c94       0x90 ./Drivers/STM32F1xx_HAL_Driver/Src/stm32f1xx_hal_pcd.o
                0x08000c94                HAL_PCD_EP_Close
 .text.HAL_PCD_EP_Receive
                0x08000d24       0x62 ./Drivers/STM32F1xx_HAL_Driver/Src/stm32f1xx_hal_pcd.o
                0x08000d24                HAL_PCD_EP_Receive
 .text.HAL_PCD_EP_GetRxCount
                0x08000d86       0x2e ./Drivers/STM32F1xx_HAL_Driver/Src/stm32f1xx_hal_pcd.o
                0x08000d86                HAL_PCD_EP_GetRxCount
 .text.HAL_PCD_EP_Transmit
                0x08000db4       0x6e ./Drivers/STM32F1xx_HAL_Driver/Src/stm32f1xx_hal_pcd.o
                0x08000db4                HAL_PCD_EP_Transmit
 .text.HAL_PCD_EP_SetStall
                0x08000e22       0xc0 ./Drivers/STM32F1xx_HAL_Driver/Src/stm32f1xx_hal_pcd.o
                0x08000e22                HAL_PCD_EP_SetStall
 .text.HAL_PCD_EP_ClrStall
                0x08000ee2       0xa8 ./Drivers/STM32F1xx_HAL_Driver/Src/stm32f1xx_hal_pcd.o
                0x08000ee2                HAL_PCD_EP_ClrStall
 .text.PCD_EP_ISR_Handler
                0x08000f8a      0x7a4 ./Drivers/STM32F1xx_HAL_Driver/Src/stm32f1xx_hal_pcd.o
 .text.HAL_PCD_EP_DB_Receive
                0x0800172e      0x21a ./Drivers/STM32F1xx_HAL_Driver/Src/stm32f1xx_hal_pcd.o
 .text.HAL_PCD_EP_DB_Transmit
                0x08001948      0x7f4 ./Drivers/STM32F1xx_HAL_Driver/Src/stm32f1xx_hal_pcd.o
 .text.HAL_PCDEx_PMAConfig
                0x0800213c       0x84 ./Drivers/STM32F1xx_HAL_Driver/Src/stm32f1xx_hal_pcd_ex.o
                0x0800213c                HAL_PCDEx_PMAConfig
 .text.HAL_RCC_OscConfig
                0x080021c0      0x504 ./Drivers/STM32F1xx_HAL_Driver/Src/stm32f1xx_hal_rcc.o
                0x080021c0                HAL_RCC_OscConfig
 .text.HAL_RCC_ClockConfig
                0x080026c4      0x1d4 ./Drivers/STM32F1xx_HAL_Driver/Src/stm32f1xx_hal_rcc.o
                0x080026c4                HAL_RCC_ClockConfig
 .text.HAL_RCC_GetSysClockFreq
                0x08002898       0xa8 ./Drivers/STM32F1xx_HAL_Driver/Src/stm32f1xx_hal_rcc.o
                0x08002898                HAL_RCC_GetSysClockFreq
 .text.RCC_Delay
                0x08002940       0x3c ./Drivers/STM32F1xx_HAL_Driver/Src/stm32f1xx_hal_rcc.o
 .text.HAL_RCCEx_PeriphCLKConfig
                0x0800297c      0x16c ./Drivers/STM32F1xx_HAL_Driver/Src/stm32f1xx_hal_rcc_ex.o
                0x0800297c                HAL_RCCEx_PeriphCLKConfig
 .text.USB_CoreInit
                0x08002ae8       0x20 ./Drivers/STM32F1xx_HAL_Driver/Src/stm32f1xx_ll_usb.o
                0x08002ae8                USB_CoreInit
 .text.USB_EnableGlobalInt
                0x08002b08       0x2c ./Drivers/STM32F1xx_HAL_Driver/Src/stm32f1xx_ll_usb.o
                0x08002b08                USB_EnableGlobalInt
 .text.USB_DisableGlobalInt
                0x08002b34       0x34 ./Drivers/STM32F1xx_HAL_Driver/Src/stm32f1xx_ll_usb.o
                0x08002b34                USB_DisableGlobalInt
 .text.USB_SetCurrentMode
                0x08002b68       0x18 ./Drivers/STM32F1xx_HAL_Driver/Src/stm32f1xx_ll_usb.o
                0x08002b68                USB_SetCurrentMode
 .text.USB_DevInit
                0x08002b80       0x40 ./Drivers/STM32F1xx_HAL_Driver/Src/stm32f1xx_ll_usb.o
                0x08002b80                USB_DevInit
 .text.USB_ActivateEndpoint
                0x08002bc0      0x780 ./Drivers/STM32F1xx_HAL_Driver/Src/stm32f1xx_ll_usb.o
                0x08002bc0                USB_ActivateEndpoint
 .text.USB_DeactivateEndpoint
                0x08003340      0x3d8 ./Drivers/STM32F1xx_HAL_Driver/Src/stm32f1xx_ll_usb.o
                0x08003340                USB_DeactivateEndpoint
 .text.USB_EPStartXfer
                0x08003718     0x1762 ./Drivers/STM32F1xx_HAL_Driver/Src/stm32f1xx_ll_usb.o
                0x08003718                USB_EPStartXfer
 .text.USB_EPSetStall
                0x08004e7a       0xa0 ./Drivers/STM32F1xx_HAL_Driver/Src/stm32f1xx_ll_usb.o
                0x08004e7a                USB_EPSetStall
 .text.USB_EPClearStall
                0x08004f1a      0x15a ./Drivers/STM32F1xx_HAL_Driver/Src/stm32f1xx_ll_usb.o
                0x08004f1a                USB_EPClearStall
 .text.USB_SetDevAddress
                0x08005074       0x26 ./Drivers/STM32F1xx_HAL_Driver/Src/stm32f1xx_ll_usb.o
                0x08005074                USB_SetDevAddress
 .text.USB_DevConnect
                0x0800509a       0x14 ./Drivers/STM32F1xx_HAL_Driver/Src/stm32f1xx_ll_usb.o
                0x0800509a                USB_DevConnect
 .text.USB_DevDisconnect
                0x080050ae       0x14 ./Drivers/STM32F1xx_HAL_Driver/Src/stm32f1xx_ll_usb.o
                0x080050ae                USB_DevDisconnect
 .text.USB_ReadInterrupts
                0x080050c2       0x1e ./Drivers/STM32F1xx_HAL_Driver/Src/stm32f1xx_ll_usb.o
                0x080050c2                USB_ReadInterrupts
 .text.USB_EP0_OutStart
                0x080050e0       0x16 ./Drivers/STM32F1xx_HAL_Driver/Src/stm32f1xx_ll_usb.o
                0x080050e0                USB_EP0_OutStart
 .text.USB_WritePMA
                0x080050f6       0x8a ./Drivers/STM32F1xx_HAL_Driver/Src/stm32f1xx_ll_usb.o
                0x080050f6                USB_WritePMA
 .text.USB_ReadPMA
                0x08005180       0x9e ./Drivers/STM32F1xx_HAL_Driver/Src/stm32f1xx_ll_usb.o
                0x08005180                USB_ReadPMA
 .text.USBD_CDC_Init
                0x0800521e       0xf4 ./Middlewares/ST/STM32_USB_Device_Library/Class/CDC/Src/usbd_cdc.o
 .text.USBD_CDC_DeInit
                0x08005312       0x6e ./Middlewares/ST/STM32_USB_Device_Library/Class/CDC/Src/usbd_cdc.o
 .text.USBD_CDC_Setup
                0x08005380      0x146 ./Middlewares/ST/STM32_USB_Device_Library/Class/CDC/Src/usbd_cdc.o
 .text.USBD_CDC_DataIn
                0x080054c6       0xa6 ./Middlewares/ST/STM32_USB_Device_Library/Class/CDC/Src/usbd_cdc.o
 .text.USBD_CDC_DataOut
                0x0800556c       0x56 ./Middlewares/ST/STM32_USB_Device_Library/Class/CDC/Src/usbd_cdc.o
 .text.USBD_CDC_EP0_RxReady
                0x080055c2       0x4e ./Middlewares/ST/STM32_USB_Device_Library/Class/CDC/Src/usbd_cdc.o
 .text.USBD_CDC_GetFSCfgDesc
                0x08005610       0x20 ./Middlewares/ST/STM32_USB_Device_Library/Class/CDC/Src/usbd_cdc.o
 .text.USBD_CDC_GetHSCfgDesc
                0x08005630       0x20 ./Middlewares/ST/STM32_USB_Device_Library/Class/CDC/Src/usbd_cdc.o
 .text.USBD_CDC_GetOtherSpeedCfgDesc
                0x08005650       0x20 ./Middlewares/ST/STM32_USB_Device_Library/Class/CDC/Src/usbd_cdc.o
 .text.USBD_CDC_GetDeviceQualifierDescriptor
                0x08005670       0x20 ./Middlewares/ST/STM32_USB_Device_Library/Class/CDC/Src/usbd_cdc.o
                0x08005670                USBD_CDC_GetDeviceQualifierDescriptor
 .text.USBD_CDC_RegisterInterface
                0x08005690       0x2c ./Middlewares/ST/STM32_USB_Device_Library/Class/CDC/Src/usbd_cdc.o
                0x08005690                USBD_CDC_RegisterInterface
 .text.USBD_CDC_SetTxBuffer
                0x080056bc       0x32 ./Middlewares/ST/STM32_USB_Device_Library/Class/CDC/Src/usbd_cdc.o
                0x080056bc                USBD_CDC_SetTxBuffer
 .text.USBD_CDC_SetRxBuffer
                0x080056ee       0x26 ./Middlewares/ST/STM32_USB_Device_Library/Class/CDC/Src/usbd_cdc.o
                0x080056ee                USBD_CDC_SetRxBuffer
 .text.USBD_CDC_TransmitPacket
                0x08005714       0x5e ./Middlewares/ST/STM32_USB_Device_Library/Class/CDC/Src/usbd_cdc.o
                0x08005714                USBD_CDC_TransmitPacket
 .text.USBD_CDC_ReceivePacket
                0x08005772       0x54 ./Middlewares/ST/STM32_USB_Device_Library/Class/CDC/Src/usbd_cdc.o
                0x08005772                USBD_CDC_ReceivePacket
 .text.USBD_Init
                0x080057c6       0x56 ./Middlewares/ST/STM32_USB_Device_Library/Core/Src/usbd_core.o
                0x080057c6                USBD_Init
 .text.USBD_RegisterClass
                0x0800581c       0x32 ./Middlewares/ST/STM32_USB_Device_Library/Core/Src/usbd_core.o
                0x0800581c                USBD_RegisterClass
 .text.USBD_Start
                0x0800584e       0x18 ./Middlewares/ST/STM32_USB_Device_Library/Core/Src/usbd_core.o
                0x0800584e                USBD_Start
 .text.USBD_RunTestMode
                0x08005866       0x14 ./Middlewares/ST/STM32_USB_Device_Library/Core/Src/usbd_core.o
                0x08005866                USBD_RunTestMode
 .text.USBD_SetClassConfig
                0x0800587a       0x3e ./Middlewares/ST/STM32_USB_Device_Library/Core/Src/usbd_core.o
                0x0800587a                USBD_SetClassConfig
 .text.USBD_ClrClassConfig
                0x080058b8       0x26 ./Middlewares/ST/STM32_USB_Device_Library/Core/Src/usbd_core.o
                0x080058b8                USBD_ClrClassConfig
 .text.USBD_LL_SetupStage
                0x080058de       0x9a ./Middlewares/ST/STM32_USB_Device_Library/Core/Src/usbd_core.o
                0x080058de                USBD_LL_SetupStage
 .text.USBD_LL_DataOutStage
                0x08005978       0xe2 ./Middlewares/ST/STM32_USB_Device_Library/Core/Src/usbd_core.o
                0x08005978                USBD_LL_DataOutStage
 .text.USBD_LL_DataInStage
                0x08005a5a      0x14a ./Middlewares/ST/STM32_USB_Device_Library/Core/Src/usbd_core.o
                0x08005a5a                USBD_LL_DataInStage
 .text.USBD_LL_Reset
                0x08005ba4       0x82 ./Middlewares/ST/STM32_USB_Device_Library/Core/Src/usbd_core.o
                0x08005ba4                USBD_LL_Reset
 .text.USBD_LL_SetSpeed
                0x08005c26       0x1e ./Middlewares/ST/STM32_USB_Device_Library/Core/Src/usbd_core.o
                0x08005c26                USBD_LL_SetSpeed
 .text.USBD_LL_Suspend
                0x08005c44       0x28 ./Middlewares/ST/STM32_USB_Device_Library/Core/Src/usbd_core.o
                0x08005c44                USBD_LL_Suspend
 .text.USBD_LL_Resume
                0x08005c6c       0x2a ./Middlewares/ST/STM32_USB_Device_Library/Core/Src/usbd_core.o
                0x08005c6c                USBD_LL_Resume
 .text.USBD_LL_SOF
                0x08005c96       0x34 ./Middlewares/ST/STM32_USB_Device_Library/Core/Src/usbd_core.o
                0x08005c96                USBD_LL_SOF
 *fill*         0x08005cca        0x2 
 .text.USBD_StdDevReq
                0x08005ccc       0xd4 ./Middlewares/ST/STM32_USB_Device_Library/Core/Src/usbd_ctlreq.o
                0x08005ccc                USBD_StdDevReq
 .text.USBD_StdItfReq
                0x08005da0       0x90 ./Middlewares/ST/STM32_USB_Device_Library/Core/Src/usbd_ctlreq.o
                0x08005da0                USBD_StdItfReq
 .text.USBD_StdEPReq
                0x08005e30      0x2c6 ./Middlewares/ST/STM32_USB_Device_Library/Core/Src/usbd_ctlreq.o
                0x08005e30                USBD_StdEPReq
 *fill*         0x080060f6        0x2 
 .text.USBD_GetDescriptor
                0x080060f8      0x2d0 ./Middlewares/ST/STM32_USB_Device_Library/Core/Src/usbd_ctlreq.o
 .text.USBD_SetAddress
                0x080063c8       0x86 ./Middlewares/ST/STM32_USB_Device_Library/Core/Src/usbd_ctlreq.o
 *fill*         0x0800644e        0x2 
 .text.USBD_SetConfig
                0x08006450      0x11c ./Middlewares/ST/STM32_USB_Device_Library/Core/Src/usbd_ctlreq.o
 .text.USBD_GetConfig
                0x0800656c       0x6a ./Middlewares/ST/STM32_USB_Device_Library/Core/Src/usbd_ctlreq.o
 .text.USBD_GetStatus
                0x080065d6       0x66 ./Middlewares/ST/STM32_USB_Device_Library/Core/Src/usbd_ctlreq.o
 .text.USBD_SetFeature
                0x0800663c       0x28 ./Middlewares/ST/STM32_USB_Device_Library/Core/Src/usbd_ctlreq.o
 .text.USBD_ClrFeature
                0x08006664       0x42 ./Middlewares/ST/STM32_USB_Device_Library/Core/Src/usbd_ctlreq.o
 .text.USBD_ParseSetupRequest
                0x080066a6       0x72 ./Middlewares/ST/STM32_USB_Device_Library/Core/Src/usbd_ctlreq.o
                0x080066a6                USBD_ParseSetupRequest
 .text.USBD_CtlError
                0x08006718       0x22 ./Middlewares/ST/STM32_USB_Device_Library/Core/Src/usbd_ctlreq.o
                0x08006718                USBD_CtlError
 .text.USBD_GetString
                0x0800673a       0x84 ./Middlewares/ST/STM32_USB_Device_Library/Core/Src/usbd_ctlreq.o
                0x0800673a                USBD_GetString
 .text.USBD_GetLen
                0x080067be       0x2e ./Middlewares/ST/STM32_USB_Device_Library/Core/Src/usbd_ctlreq.o
 .text.USBD_CtlSendData
                0x080067ec       0x38 ./Middlewares/ST/STM32_USB_Device_Library/Core/Src/usbd_ioreq.o
                0x080067ec                USBD_CtlSendData
 .text.USBD_CtlContinueSendData
                0x08006824       0x24 ./Middlewares/ST/STM32_USB_Device_Library/Core/Src/usbd_ioreq.o
                0x08006824                USBD_CtlContinueSendData
 .text.USBD_CtlPrepareRx
                0x08006848       0x3c ./Middlewares/ST/STM32_USB_Device_Library/Core/Src/usbd_ioreq.o
                0x08006848                USBD_CtlPrepareRx
 .text.USBD_CtlContinueRx
                0x08006884       0x24 ./Middlewares/ST/STM32_USB_Device_Library/Core/Src/usbd_ioreq.o
                0x08006884                USBD_CtlContinueRx
 .text.USBD_CtlSendStatus
                0x080068a8       0x26 ./Middlewares/ST/STM32_USB_Device_Library/Core/Src/usbd_ioreq.o
                0x080068a8                USBD_CtlSendStatus
 .text.USBD_CtlReceiveStatus
                0x080068ce       0x26 ./Middlewares/ST/STM32_USB_Device_Library/Core/Src/usbd_ioreq.o
                0x080068ce                USBD_CtlReceiveStatus
 .text.MX_USB_DEVICE_Init
                0x080068f4       0x60 ./USB_DEVICE/App/usb_device.o
                0x080068f4                MX_USB_DEVICE_Init
 .text.CDC_Init_FS
                0x08006954       0x28 ./USB_DEVICE/App/usbd_cdc_if.o
 .text.CDC_DeInit_FS
                0x0800697c        0xe ./USB_DEVICE/App/usbd_cdc_if.o
 *fill*         0x0800698a        0x2 
 .text.CDC_Control_FS
                0x0800698c       0xbc ./USB_DEVICE/App/usbd_cdc_if.o
 .text.CDC_Receive_FS
                0x08006a48       0x3c ./USB_DEVICE/App/usbd_cdc_if.o
 .text.CDC_Transmit_FS
                0x08006a84       0x4c ./USB_DEVICE/App/usbd_cdc_if.o
                0x08006a84                CDC_Transmit_FS
 .text.USBD_FS_DeviceDescriptor
                0x08006ad0       0x24 ./USB_DEVICE/App/usbd_desc.o
                0x08006ad0                USBD_FS_DeviceDescriptor
 .text.USBD_FS_LangIDStrDescriptor
                0x08006af4       0x24 ./USB_DEVICE/App/usbd_desc.o
                0x08006af4                USBD_FS_LangIDStrDescriptor
 .text.USBD_FS_ProductStrDescriptor
                0x08006b18       0x3c ./USB_DEVICE/App/usbd_desc.o
                0x08006b18                USBD_FS_ProductStrDescriptor
 .text.USBD_FS_ManufacturerStrDescriptor
                0x08006b54       0x28 ./USB_DEVICE/App/usbd_desc.o
                0x08006b54                USBD_FS_ManufacturerStrDescriptor
 .text.USBD_FS_SerialStrDescriptor
                0x08006b7c       0x24 ./USB_DEVICE/App/usbd_desc.o
                0x08006b7c                USBD_FS_SerialStrDescriptor
 .text.USBD_FS_ConfigStrDescriptor
                0x08006ba0       0x3c ./USB_DEVICE/App/usbd_desc.o
                0x08006ba0                USBD_FS_ConfigStrDescriptor
 .text.USBD_FS_InterfaceStrDescriptor
                0x08006bdc       0x3c ./USB_DEVICE/App/usbd_desc.o
                0x08006bdc                USBD_FS_InterfaceStrDescriptor
 .text.Get_SerialNum
                0x08006c18       0x58 ./USB_DEVICE/App/usbd_desc.o
 .text.IntToUnicode
                0x08006c70       0x7c ./USB_DEVICE/App/usbd_desc.o
 .text.HAL_PCD_MspInit
                0x08006cec       0x4c ./USB_DEVICE/Target/usbd_conf.o
                0x08006cec                HAL_PCD_MspInit
 .text.HAL_PCD_SetupStageCallback
                0x08006d38       0x24 ./USB_DEVICE/Target/usbd_conf.o
                0x08006d38                HAL_PCD_SetupStageCallback
 .text.HAL_PCD_DataOutStageCallback
                0x08006d5c       0x36 ./USB_DEVICE/Target/usbd_conf.o
                0x08006d5c                HAL_PCD_DataOutStageCallback
 .text.HAL_PCD_DataInStageCallback
                0x08006d92       0x34 ./USB_DEVICE/Target/usbd_conf.o
                0x08006d92                HAL_PCD_DataInStageCallback
 .text.HAL_PCD_SOFCallback
                0x08006dc6       0x1c ./USB_DEVICE/Target/usbd_conf.o
                0x08006dc6                HAL_PCD_SOFCallback
 .text.HAL_PCD_ResetCallback
                0x08006de2       0x3c ./USB_DEVICE/Target/usbd_conf.o
                0x08006de2                HAL_PCD_ResetCallback
 *fill*         0x08006e1e        0x2 
 .text.HAL_PCD_SuspendCallback
                0x08006e20       0x34 ./USB_DEVICE/Target/usbd_conf.o
                0x08006e20                HAL_PCD_SuspendCallback
 .text.HAL_PCD_ResumeCallback
                0x08006e54       0x1c ./USB_DEVICE/Target/usbd_conf.o
                0x08006e54                HAL_PCD_ResumeCallback
 .text.USBD_LL_Init
                0x08006e70       0xb4 ./USB_DEVICE/Target/usbd_conf.o
                0x08006e70                USBD_LL_Init
 .text.USBD_LL_Start
                0x08006f24       0x36 ./USB_DEVICE/Target/usbd_conf.o
                0x08006f24                USBD_LL_Start
 .text.USBD_LL_OpenEP
                0x08006f5a       0x4c ./USB_DEVICE/Target/usbd_conf.o
                0x08006f5a                USBD_LL_OpenEP
 .text.USBD_LL_CloseEP
                0x08006fa6       0x3e ./USB_DEVICE/Target/usbd_conf.o
                0x08006fa6                USBD_LL_CloseEP
 .text.USBD_LL_StallEP
                0x08006fe4       0x3e ./USB_DEVICE/Target/usbd_conf.o
                0x08006fe4                USBD_LL_StallEP
 .text.USBD_LL_ClearStallEP
                0x08007022       0x3e ./USB_DEVICE/Target/usbd_conf.o
                0x08007022                USBD_LL_ClearStallEP
 .text.USBD_LL_IsStallEP
                0x08007060       0x58 ./USB_DEVICE/Target/usbd_conf.o
                0x08007060                USBD_LL_IsStallEP
 .text.USBD_LL_SetUSBAddress
                0x080070b8       0x3e ./USB_DEVICE/Target/usbd_conf.o
                0x080070b8                USBD_LL_SetUSBAddress
 .text.USBD_LL_Transmit
                0x080070f6       0x46 ./USB_DEVICE/Target/usbd_conf.o
                0x080070f6                USBD_LL_Transmit
 .text.USBD_LL_PrepareReceive
                0x0800713c       0x46 ./USB_DEVICE/Target/usbd_conf.o
                0x0800713c                USBD_LL_PrepareReceive
 .text.USBD_LL_GetRxDataSize
                0x08007182       0x26 ./USB_DEVICE/Target/usbd_conf.o
                0x08007182                USBD_LL_GetRxDataSize
 .text.USBD_static_malloc
                0x080071a8       0x18 ./USB_DEVICE/Target/usbd_conf.o
                0x080071a8                USBD_static_malloc
 .text.USBD_static_free
                0x080071c0       0x12 ./USB_DEVICE/Target/usbd_conf.o
                0x080071c0                USBD_static_free
 .text.HAL_PCDEx_SetConnectionState
                0x080071d2       0x16 ./USB_DEVICE/Target/usbd_conf.o
                0x080071d2                HAL_PCDEx_SetConnectionState
 .text.USBD_Get_USB_Status
                0x080071e8       0x58 ./USB_DEVICE/Target/usbd_conf.o
 .text.memset   0x08007240       0x10 C:/ST/STM32CubeIDE_1.15.1/STM32CubeIDE/plugins/com.st.stm32cube.ide.mcu.externaltools.gnu-tools-for-stm32.12.3.rel1.win32_1.0.100.202403111256/tools/bin/../lib/gcc/arm-none-eabi/12.3.1/../../../../arm-none-eabi/lib/thumb/v7-m/nofp\libc_nano.a(libc_a-memset.o)
                0x08007240                memset
 .text.__libc_init_array
                0x08007250       0x48 C:/ST/STM32CubeIDE_1.15.1/STM32CubeIDE/plugins/com.st.stm32cube.ide.mcu.externaltools.gnu-tools-for-stm32.12.3.rel1.win32_1.0.100.202403111256/tools/bin/../lib/gcc/arm-none-eabi/12.3.1/../../../../arm-none-eabi/lib/thumb/v7-m/nofp\libc_nano.a(libc_a-init.o)
                0x08007250                __libc_init_array
 .text.memcpy   0x08007298       0x1c C:/ST/STM32CubeIDE_1.15.1/STM32CubeIDE/plugins/com.st.stm32cube.ide.mcu.externaltools.gnu-tools-for-stm32.12.3.rel1.win32_1.0.100.202403111256/tools/bin/../lib/gcc/arm-none-eabi/12.3.1/../../../../arm-none-eabi/lib/thumb/v7-m/nofp\libc_nano.a(libc_a-memcpy-stub.o)
                0x08007298                memcpy
 *(.glue_7)
 .glue_7        0x080072b4        0x0 linker stubs
 *(.glue_7t)
 .glue_7t       0x080072b4        0x0 linker stubs
 *(.eh_frame)
 .eh_frame      0x080072b4        0x0 C:/ST/STM32CubeIDE_1.15.1/STM32CubeIDE/plugins/com.st.stm32cube.ide.mcu.externaltools.gnu-tools-for-stm32.12.3.rel1.win32_1.0.100.202403111256/tools/bin/../lib/gcc/arm-none-eabi/12.3.1/thumb/v7-m/nofp/crtbegin.o
 *(.init)
 .init          0x080072b4        0x4 C:/ST/STM32CubeIDE_1.15.1/STM32CubeIDE/plugins/com.st.stm32cube.ide.mcu.externaltools.gnu-tools-for-stm32.12.3.rel1.win32_1.0.100.202403111256/tools/bin/../lib/gcc/arm-none-eabi/12.3.1/thumb/v7-m/nofp/crti.o
                0x080072b4                _init
 .init          0x080072b8        0x8 C:/ST/STM32CubeIDE_1.15.1/STM32CubeIDE/plugins/com.st.stm32cube.ide.mcu.externaltools.gnu-tools-for-stm32.12.3.rel1.win32_1.0.100.202403111256/tools/bin/../lib/gcc/arm-none-eabi/12.3.1/thumb/v7-m/nofp/crtn.o
 *(.fini)
 .fini          0x080072c0        0x4 C:/ST/STM32CubeIDE_1.15.1/STM32CubeIDE/plugins/com.st.stm32cube.ide.mcu.externaltools.gnu-tools-for-stm32.12.3.rel1.win32_1.0.100.202403111256/tools/bin/../lib/gcc/arm-none-eabi/12.3.1/thumb/v7-m/nofp/crti.o
                0x080072c0                _fini
 .fini          0x080072c4        0x8 C:/ST/STM32CubeIDE_1.15.1/STM32CubeIDE/plugins/com.st.stm32cube.ide.mcu.externaltools.gnu-tools-for-stm32.12.3.rel1.win32_1.0.100.202403111256/tools/bin/../lib/gcc/arm-none-eabi/12.3.1/thumb/v7-m/nofp/crtn.o
                0x080072cc                        . = ALIGN (0x4)
                0x080072cc                        _etext = .

.vfp11_veneer   0x080072cc        0x0
 .vfp11_veneer  0x080072cc        0x0 linker stubs

.v4_bx          0x080072cc        0x0
 .v4_bx         0x080072cc        0x0 linker stubs

.iplt           0x080072cc        0x0
 .iplt          0x080072cc        0x0 C:/ST/STM32CubeIDE_1.15.1/STM32CubeIDE/plugins/com.st.stm32cube.ide.mcu.externaltools.gnu-tools-for-stm32.12.3.rel1.win32_1.0.100.202403111256/tools/bin/../lib/gcc/arm-none-eabi/12.3.1/thumb/v7-m/nofp/crtbegin.o

.rodata         0x080072cc       0x68
                0x080072cc                        . = ALIGN (0x4)
 *(.rodata)
 .rodata        0x080072cc       0x42 ./USB_DEVICE/App/usbd_desc.o
 *(.rodata*)
 *fill*         0x0800730e        0x2 
 .rodata.AHBPrescTable
                0x08007310       0x10 ./Core/Src/system_stm32f1xx.o
                0x08007310                AHBPrescTable
 .rodata.aPLLMULFactorTable.1
                0x08007320       0x10 ./Drivers/STM32F1xx_HAL_Driver/Src/stm32f1xx_hal_rcc.o
 .rodata.aPredivFactorTable.0
                0x08007330        0x2 ./Drivers/STM32F1xx_HAL_Driver/Src/stm32f1xx_hal_rcc.o
                0x08007334                        . = ALIGN (0x4)
 *fill*         0x08007332        0x2 

.ARM.extab      0x08007334        0x0
                0x08007334                        . = ALIGN (0x4)
 *(.ARM.extab* .gnu.linkonce.armextab.*)
                0x08007334                        . = ALIGN (0x4)

.ARM            0x08007334        0x8
                0x08007334                        . = ALIGN (0x4)
                0x08007334                        __exidx_start = .
 *(.ARM.exidx*)
 .ARM.exidx     0x08007334        0x8 C:/ST/STM32CubeIDE_1.15.1/STM32CubeIDE/plugins/com.st.stm32cube.ide.mcu.externaltools.gnu-tools-for-stm32.12.3.rel1.win32_1.0.100.202403111256/tools/bin/../lib/gcc/arm-none-eabi/12.3.1/../../../../arm-none-eabi/lib/thumb/v7-m/nofp\libc_nano.a(libc_a-strlen.o)
                0x0800733c                        __exidx_end = .
                0x0800733c                        . = ALIGN (0x4)

.preinit_array  0x0800733c        0x0
                0x0800733c                        . = ALIGN (0x4)
                0x0800733c                        PROVIDE (__preinit_array_start = .)
 *(.preinit_array*)
                0x0800733c                        PROVIDE (__preinit_array_end = .)
                0x0800733c                        . = ALIGN (0x4)

.init_array     0x0800733c        0x4
                0x0800733c                        . = ALIGN (0x4)
                0x0800733c                        PROVIDE (__init_array_start = .)
 *(SORT_BY_NAME(.init_array.*))
 *(.init_array*)
 .init_array    0x0800733c        0x4 C:/ST/STM32CubeIDE_1.15.1/STM32CubeIDE/plugins/com.st.stm32cube.ide.mcu.externaltools.gnu-tools-for-stm32.12.3.rel1.win32_1.0.100.202403111256/tools/bin/../lib/gcc/arm-none-eabi/12.3.1/thumb/v7-m/nofp/crtbegin.o
                0x08007340                        PROVIDE (__init_array_end = .)
                0x08007340                        . = ALIGN (0x4)

.fini_array     0x08007340        0x4
                0x08007340                        . = ALIGN (0x4)
                [!provide]                        PROVIDE (__fini_array_start = .)
 *(SORT_BY_NAME(.fini_array.*))
 *(.fini_array*)
 .fini_array    0x08007340        0x4 C:/ST/STM32CubeIDE_1.15.1/STM32CubeIDE/plugins/com.st.stm32cube.ide.mcu.externaltools.gnu-tools-for-stm32.12.3.rel1.win32_1.0.100.202403111256/tools/bin/../lib/gcc/arm-none-eabi/12.3.1/thumb/v7-m/nofp/crtbegin.o
                [!provide]                        PROVIDE (__fini_array_end = .)
                0x08007344                        . = ALIGN (0x4)
                0x08007344                        _sidata = LOADADDR (.data)

.rel.dyn        0x08007344        0x0
 .rel.iplt      0x08007344        0x0 C:/ST/STM32CubeIDE_1.15.1/STM32CubeIDE/plugins/com.st.stm32cube.ide.mcu.externaltools.gnu-tools-for-stm32.12.3.rel1.win32_1.0.100.202403111256/tools/bin/../lib/gcc/arm-none-eabi/12.3.1/thumb/v7-m/nofp/crtbegin.o

.data           0x20000000      0x190 load address 0x08007344
                0x20000000                        . = ALIGN (0x4)
                0x20000000                        _sdata = .
 *(.data)
 *(.data*)
 .data.data     0x20000000       0x12 ./Core/Src/main.o
                0x20000000                data
 *fill*         0x20000012        0x2 
 .data.SystemCoreClock
                0x20000014        0x4 ./Core/Src/system_stm32f1xx.o
                0x20000014                SystemCoreClock
 .data.uwTickPrio
                0x20000018        0x4 ./Drivers/STM32F1xx_HAL_Driver/Src/stm32f1xx_hal.o
                0x20000018                uwTickPrio
 .data.uwTickFreq
                0x2000001c        0x1 ./Drivers/STM32F1xx_HAL_Driver/Src/stm32f1xx_hal.o
                0x2000001c                uwTickFreq
 *fill*         0x2000001d        0x3 
 .data.USBD_CDC_DeviceQualifierDesc
                0x20000020        0xa ./Middlewares/ST/STM32_USB_Device_Library/Class/CDC/Src/usbd_cdc.o
 *fill*         0x2000002a        0x2 
 .data.USBD_CDC
                0x2000002c       0x38 ./Middlewares/ST/STM32_USB_Device_Library/Class/CDC/Src/usbd_cdc.o
                0x2000002c                USBD_CDC
 .data.USBD_CDC_CfgHSDesc
                0x20000064       0x43 ./Middlewares/ST/STM32_USB_Device_Library/Class/CDC/Src/usbd_cdc.o
                0x20000064                USBD_CDC_CfgHSDesc
 *fill*         0x200000a7        0x1 
 .data.USBD_CDC_CfgFSDesc
                0x200000a8       0x43 ./Middlewares/ST/STM32_USB_Device_Library/Class/CDC/Src/usbd_cdc.o
                0x200000a8                USBD_CDC_CfgFSDesc
 *fill*         0x200000eb        0x1 
 .data.USBD_CDC_OtherSpeedCfgDesc
                0x200000ec       0x43 ./Middlewares/ST/STM32_USB_Device_Library/Class/CDC/Src/usbd_cdc.o
                0x200000ec                USBD_CDC_OtherSpeedCfgDesc
 *fill*         0x2000012f        0x1 
 .data.USBD_Interface_fops_FS
                0x20000130       0x10 ./USB_DEVICE/App/usbd_cdc_if.o
                0x20000130                USBD_Interface_fops_FS
 .data.FS_Desc  0x20000140       0x1c ./USB_DEVICE/App/usbd_desc.o
                0x20000140                FS_Desc
 .data.USBD_FS_DeviceDesc
                0x2000015c       0x12 ./USB_DEVICE/App/usbd_desc.o
                0x2000015c                USBD_FS_DeviceDesc
 *fill*         0x2000016e        0x2 
 .data.USBD_LangIDDesc
                0x20000170        0x4 ./USB_DEVICE/App/usbd_desc.o
                0x20000170                USBD_LangIDDesc
 .data.USBD_StringSerial
                0x20000174       0x1a ./USB_DEVICE/App/usbd_desc.o
                0x20000174                USBD_StringSerial
 *(.RamFunc)
 *(.RamFunc*)
                0x20000190                        . = ALIGN (0x4)
 *fill*         0x2000018e        0x2 
                0x20000190                        _edata = .

.igot.plt       0x20000190        0x0 load address 0x080074d4
 .igot.plt      0x20000190        0x0 C:/ST/STM32CubeIDE_1.15.1/STM32CubeIDE/plugins/com.st.stm32cube.ide.mcu.externaltools.gnu-tools-for-stm32.12.3.rel1.win32_1.0.100.202403111256/tools/bin/../lib/gcc/arm-none-eabi/12.3.1/thumb/v7-m/nofp/crtbegin.o
                0x20000190                        . = ALIGN (0x4)

.bss            0x20000190     0x1238 load address 0x080074d4
                0x20000190                        _sbss = .
                0x20000190                        __bss_start__ = _sbss
 *(.bss)
 .bss           0x20000190       0x1c C:/ST/STM32CubeIDE_1.15.1/STM32CubeIDE/plugins/com.st.stm32cube.ide.mcu.externaltools.gnu-tools-for-stm32.12.3.rel1.win32_1.0.100.202403111256/tools/bin/../lib/gcc/arm-none-eabi/12.3.1/thumb/v7-m/nofp/crtbegin.o
 *(.bss*)
 .bss.buffer    0x200001ac       0x40 ./Core/Src/main.o
                0x200001ac                buffer
 .bss.uwTick    0x200001ec        0x4 ./Drivers/STM32F1xx_HAL_Driver/Src/stm32f1xx_hal.o
                0x200001ec                uwTick
 .bss.cfgidx.0  0x200001f0        0x1 ./Middlewares/ST/STM32_USB_Device_Library/Core/Src/usbd_ctlreq.o
 *fill*         0x200001f1        0x3 
 .bss.hUsbDeviceFS
                0x200001f4      0x2c4 ./USB_DEVICE/App/usb_device.o
                0x200001f4                hUsbDeviceFS
 .bss.UserRxBufferFS
                0x200004b8      0x400 ./USB_DEVICE/App/usbd_cdc_if.o
                0x200004b8                UserRxBufferFS
 .bss.UserTxBufferFS
                0x200008b8      0x400 ./USB_DEVICE/App/usbd_cdc_if.o
                0x200008b8                UserTxBufferFS
 .bss.USBD_StrDesc
                0x20000cb8      0x200 ./USB_DEVICE/App/usbd_desc.o
                0x20000cb8                USBD_StrDesc
 .bss.hpcd_USB_FS
                0x20000eb8      0x2f0 ./USB_DEVICE/Target/usbd_conf.o
                0x20000eb8                hpcd_USB_FS
 .bss.mem.0     0x200011a8      0x220 ./USB_DEVICE/Target/usbd_conf.o
 *(COMMON)
                0x200013c8                        . = ALIGN (0x4)
                0x200013c8                        _ebss = .
                0x200013c8                        __bss_end__ = _ebss

._user_heap_stack
                0x200013c8      0x600 load address 0x080074d4
                0x200013c8                        . = ALIGN (0x8)
                [!provide]                        PROVIDE (end = .)
                0x200013c8                        PROVIDE (_end = .)
                0x200015c8                        . = (. + _Min_Heap_Size)
 *fill*         0x200013c8      0x200 
                0x200019c8                        . = (. + _Min_Stack_Size)
 *fill*         0x200015c8      0x400 
                0x200019c8                        . = ALIGN (0x8)

/DISCARD/
 libc.a(*)
 libm.a(*)
 libgcc.a(*)

.ARM.attributes
                0x00000000       0x29
 *(.ARM.attributes)
 .ARM.attributes
                0x00000000       0x1d C:/ST/STM32CubeIDE_1.15.1/STM32CubeIDE/plugins/com.st.stm32cube.ide.mcu.externaltools.gnu-tools-for-stm32.12.3.rel1.win32_1.0.100.202403111256/tools/bin/../lib/gcc/arm-none-eabi/12.3.1/thumb/v7-m/nofp/crti.o
 .ARM.attributes
                0x0000001d       0x2d C:/ST/STM32CubeIDE_1.15.1/STM32CubeIDE/plugins/com.st.stm32cube.ide.mcu.externaltools.gnu-tools-for-stm32.12.3.rel1.win32_1.0.100.202403111256/tools/bin/../lib/gcc/arm-none-eabi/12.3.1/thumb/v7-m/nofp/crtbegin.o
 .ARM.attributes
                0x0000004a       0x2d ./Core/Src/main.o
 .ARM.attributes
                0x00000077       0x2d ./Core/Src/stm32f1xx_hal_msp.o
 .ARM.attributes
                0x000000a4       0x2d ./Core/Src/stm32f1xx_it.o
 .ARM.attributes
                0x000000d1       0x2d ./Core/Src/system_stm32f1xx.o
 .ARM.attributes
                0x000000fe       0x21 ./Core/Startup/startup_stm32f103c8tx.o
 .ARM.attributes
                0x0000011f       0x2d ./Drivers/STM32F1xx_HAL_Driver/Src/stm32f1xx_hal.o
 .ARM.attributes
                0x0000014c       0x2d ./Drivers/STM32F1xx_HAL_Driver/Src/stm32f1xx_hal_cortex.o
 .ARM.attributes
                0x00000179       0x2d ./Drivers/STM32F1xx_HAL_Driver/Src/stm32f1xx_hal_pcd.o
 .ARM.attributes
                0x000001a6       0x2d ./Drivers/STM32F1xx_HAL_Driver/Src/stm32f1xx_hal_pcd_ex.o
 .ARM.attributes
                0x000001d3       0x2d ./Drivers/STM32F1xx_HAL_Driver/Src/stm32f1xx_hal_rcc.o
 .ARM.attributes
                0x00000200       0x2d ./Drivers/STM32F1xx_HAL_Driver/Src/stm32f1xx_hal_rcc_ex.o
 .ARM.attributes
                0x0000022d       0x2d ./Drivers/STM32F1xx_HAL_Driver/Src/stm32f1xx_ll_usb.o
 .ARM.attributes
                0x0000025a       0x2d ./Middlewares/ST/STM32_USB_Device_Library/Class/CDC/Src/usbd_cdc.o
 .ARM.attributes
                0x00000287       0x2d ./Middlewares/ST/STM32_USB_Device_Library/Core/Src/usbd_core.o
 .ARM.attributes
                0x000002b4       0x2d ./Middlewares/ST/STM32_USB_Device_Library/Core/Src/usbd_ctlreq.o
 .ARM.attributes
                0x000002e1       0x2d ./Middlewares/ST/STM32_USB_Device_Library/Core/Src/usbd_ioreq.o
 .ARM.attributes
                0x0000030e       0x2d ./USB_DEVICE/App/usb_device.o
 .ARM.attributes
                0x0000033b       0x2d ./USB_DEVICE/App/usbd_cdc_if.o
 .ARM.attributes
                0x00000368       0x2d ./USB_DEVICE/App/usbd_desc.o
 .ARM.attributes
                0x00000395       0x2d ./USB_DEVICE/Target/usbd_conf.o
 .ARM.attributes
                0x000003c2       0x2d C:/ST/STM32CubeIDE_1.15.1/STM32CubeIDE/plugins/com.st.stm32cube.ide.mcu.externaltools.gnu-tools-for-stm32.12.3.rel1.win32_1.0.100.202403111256/tools/bin/../lib/gcc/arm-none-eabi/12.3.1/../../../../arm-none-eabi/lib/thumb/v7-m/nofp\libc_nano.a(libc_a-memset.o)
 .ARM.attributes
                0x000003ef       0x2d C:/ST/STM32CubeIDE_1.15.1/STM32CubeIDE/plugins/com.st.stm32cube.ide.mcu.externaltools.gnu-tools-for-stm32.12.3.rel1.win32_1.0.100.202403111256/tools/bin/../lib/gcc/arm-none-eabi/12.3.1/../../../../arm-none-eabi/lib/thumb/v7-m/nofp\libc_nano.a(libc_a-init.o)
 .ARM.attributes
                0x0000041c       0x2d C:/ST/STM32CubeIDE_1.15.1/STM32CubeIDE/plugins/com.st.stm32cube.ide.mcu.externaltools.gnu-tools-for-stm32.12.3.rel1.win32_1.0.100.202403111256/tools/bin/../lib/gcc/arm-none-eabi/12.3.1/../../../../arm-none-eabi/lib/thumb/v7-m/nofp\libc_nano.a(libc_a-memcpy-stub.o)
 .ARM.attributes
                0x00000449       0x17 C:/ST/STM32CubeIDE_1.15.1/STM32CubeIDE/plugins/com.st.stm32cube.ide.mcu.externaltools.gnu-tools-for-stm32.12.3.rel1.win32_1.0.100.202403111256/tools/bin/../lib/gcc/arm-none-eabi/12.3.1/../../../../arm-none-eabi/lib/thumb/v7-m/nofp\libc_nano.a(libc_a-strlen.o)
 .ARM.attributes
                0x00000460       0x1d C:/ST/STM32CubeIDE_1.15.1/STM32CubeIDE/plugins/com.st.stm32cube.ide.mcu.externaltools.gnu-tools-for-stm32.12.3.rel1.win32_1.0.100.202403111256/tools/bin/../lib/gcc/arm-none-eabi/12.3.1/thumb/v7-m/nofp/crtn.o
OUTPUT(USB.elf elf32-littlearm)
LOAD linker stubs
LOAD C:/ST/STM32CubeIDE_1.15.1/STM32CubeIDE/plugins/com.st.stm32cube.ide.mcu.externaltools.gnu-tools-for-stm32.12.3.rel1.win32_1.0.100.202403111256/tools/bin/../lib/gcc/arm-none-eabi/12.3.1/../../../../arm-none-eabi/lib/thumb/v7-m/nofp\libc.a
LOAD C:/ST/STM32CubeIDE_1.15.1/STM32CubeIDE/plugins/com.st.stm32cube.ide.mcu.externaltools.gnu-tools-for-stm32.12.3.rel1.win32_1.0.100.202403111256/tools/bin/../lib/gcc/arm-none-eabi/12.3.1/../../../../arm-none-eabi/lib/thumb/v7-m/nofp\libm.a
LOAD C:/ST/STM32CubeIDE_1.15.1/STM32CubeIDE/plugins/com.st.stm32cube.ide.mcu.externaltools.gnu-tools-for-stm32.12.3.rel1.win32_1.0.100.202403111256/tools/bin/../lib/gcc/arm-none-eabi/12.3.1/thumb/v7-m/nofp\libgcc.a

.debug_info     0x00000000     0xb6b7
 .debug_info    0x00000000      0x4c4 ./Core/Src/main.o
 .debug_info    0x000004c4      0x1f1 ./Core/Src/stm32f1xx_hal_msp.o
 .debug_info    0x000006b5      0x5f5 ./Core/Src/stm32f1xx_it.o
 .debug_info    0x00000caa      0x222 ./Core/Src/system_stm32f1xx.o
 .debug_info    0x00000ecc       0x30 ./Core/Startup/startup_stm32f103c8tx.o
 .debug_info    0x00000efc      0x704 ./Drivers/STM32F1xx_HAL_Driver/Src/stm32f1xx_hal.o
 .debug_info    0x00001600      0xa87 ./Drivers/STM32F1xx_HAL_Driver/Src/stm32f1xx_hal_cortex.o
 .debug_info    0x00002087     0x16cf ./Drivers/STM32F1xx_HAL_Driver/Src/stm32f1xx_hal_pcd.o
 .debug_info    0x00003756      0x6b6 ./Drivers/STM32F1xx_HAL_Driver/Src/stm32f1xx_hal_pcd_ex.o
 .debug_info    0x00003e0c      0x7d5 ./Drivers/STM32F1xx_HAL_Driver/Src/stm32f1xx_hal_rcc.o
 .debug_info    0x000045e1      0x3c0 ./Drivers/STM32F1xx_HAL_Driver/Src/stm32f1xx_hal_rcc_ex.o
 .debug_info    0x000049a1     0x17a2 ./Drivers/STM32F1xx_HAL_Driver/Src/stm32f1xx_ll_usb.o
 .debug_info    0x00006143     0x1036 ./Middlewares/ST/STM32_USB_Device_Library/Class/CDC/Src/usbd_cdc.o
 .debug_info    0x00007179      0xa52 ./Middlewares/ST/STM32_USB_Device_Library/Core/Src/usbd_core.o
 .debug_info    0x00007bcb      0x91c ./Middlewares/ST/STM32_USB_Device_Library/Core/Src/usbd_ctlreq.o
 .debug_info    0x000084e7      0x6a0 ./Middlewares/ST/STM32_USB_Device_Library/Core/Src/usbd_ioreq.o
 .debug_info    0x00008b87      0x63d ./USB_DEVICE/App/usb_device.o
 .debug_info    0x000091c4      0x852 ./USB_DEVICE/App/usbd_cdc_if.o
 .debug_info    0x00009a16      0x44a ./USB_DEVICE/App/usbd_desc.o
 .debug_info    0x00009e60     0x1857 ./USB_DEVICE/Target/usbd_conf.o

.debug_abbrev   0x00000000     0x27a1
 .debug_abbrev  0x00000000      0x233 ./Core/Src/main.o
 .debug_abbrev  0x00000233       0xdb ./Core/Src/stm32f1xx_hal_msp.o
 .debug_abbrev  0x0000030e      0x192 ./Core/Src/stm32f1xx_it.o
 .debug_abbrev  0x000004a0      0x13f ./Core/Src/system_stm32f1xx.o
 .debug_abbrev  0x000005df       0x24 ./Core/Startup/startup_stm32f103c8tx.o
 .debug_abbrev  0x00000603      0x201 ./Drivers/STM32F1xx_HAL_Driver/Src/stm32f1xx_hal.o
 .debug_abbrev  0x00000804      0x2f8 ./Drivers/STM32F1xx_HAL_Driver/Src/stm32f1xx_hal_cortex.o
 .debug_abbrev  0x00000afc      0x2d6 ./Drivers/STM32F1xx_HAL_Driver/Src/stm32f1xx_hal_pcd.o
 .debug_abbrev  0x00000dd2      0x189 ./Drivers/STM32F1xx_HAL_Driver/Src/stm32f1xx_hal_pcd_ex.o
 .debug_abbrev  0x00000f5b      0x2b3 ./Drivers/STM32F1xx_HAL_Driver/Src/stm32f1xx_hal_rcc.o
 .debug_abbrev  0x0000120e      0x188 ./Drivers/STM32F1xx_HAL_Driver/Src/stm32f1xx_hal_rcc_ex.o
 .debug_abbrev  0x00001396      0x1de ./Drivers/STM32F1xx_HAL_Driver/Src/stm32f1xx_ll_usb.o
 .debug_abbrev  0x00001574      0x2d3 ./Middlewares/ST/STM32_USB_Device_Library/Class/CDC/Src/usbd_cdc.o
 .debug_abbrev  0x00001847      0x24a ./Middlewares/ST/STM32_USB_Device_Library/Core/Src/usbd_core.o
 .debug_abbrev  0x00001a91      0x26b ./Middlewares/ST/STM32_USB_Device_Library/Core/Src/usbd_ctlreq.o
 .debug_abbrev  0x00001cfc      0x192 ./Middlewares/ST/STM32_USB_Device_Library/Core/Src/usbd_ioreq.o
 .debug_abbrev  0x00001e8e      0x18d ./USB_DEVICE/App/usb_device.o
 .debug_abbrev  0x0000201b      0x271 ./USB_DEVICE/App/usbd_cdc_if.o
 .debug_abbrev  0x0000228c      0x1ff ./USB_DEVICE/App/usbd_desc.o
 .debug_abbrev  0x0000248b      0x316 ./USB_DEVICE/Target/usbd_conf.o

.debug_aranges  0x00000000      0xa18
 .debug_aranges
                0x00000000       0x38 ./Core/Src/main.o
 .debug_aranges
                0x00000038       0x20 ./Core/Src/stm32f1xx_hal_msp.o
 .debug_aranges
                0x00000058       0x68 ./Core/Src/stm32f1xx_it.o
 .debug_aranges
                0x000000c0       0x28 ./Core/Src/system_stm32f1xx.o
 .debug_aranges
                0x000000e8       0x28 ./Core/Startup/startup_stm32f103c8tx.o
 .debug_aranges
                0x00000110       0xe0 ./Drivers/STM32F1xx_HAL_Driver/Src/stm32f1xx_hal.o
 .debug_aranges
                0x000001f0      0x100 ./Drivers/STM32F1xx_HAL_Driver/Src/stm32f1xx_hal_cortex.o
 .debug_aranges
                0x000002f0      0x140 ./Drivers/STM32F1xx_HAL_Driver/Src/stm32f1xx_hal_pcd.o
 .debug_aranges
                0x00000430       0x38 ./Drivers/STM32F1xx_HAL_Driver/Src/stm32f1xx_hal_pcd_ex.o
 .debug_aranges
                0x00000468       0x90 ./Drivers/STM32F1xx_HAL_Driver/Src/stm32f1xx_hal_rcc.o
 .debug_aranges
                0x000004f8       0x30 ./Drivers/STM32F1xx_HAL_Driver/Src/stm32f1xx_hal_rcc_ex.o
 .debug_aranges
                0x00000528       0xf8 ./Drivers/STM32F1xx_HAL_Driver/Src/stm32f1xx_ll_usb.o
 .debug_aranges
                0x00000620       0x90 ./Middlewares/ST/STM32_USB_Device_Library/Class/CDC/Src/usbd_cdc.o
 .debug_aranges
                0x000006b0       0xb8 ./Middlewares/ST/STM32_USB_Device_Library/Core/Src/usbd_core.o
 .debug_aranges
                0x00000768       0x88 ./Middlewares/ST/STM32_USB_Device_Library/Core/Src/usbd_ctlreq.o
 .debug_aranges
                0x000007f0       0x50 ./Middlewares/ST/STM32_USB_Device_Library/Core/Src/usbd_ioreq.o
 .debug_aranges
                0x00000840       0x20 ./USB_DEVICE/App/usb_device.o
 .debug_aranges
                0x00000860       0x40 ./USB_DEVICE/App/usbd_cdc_if.o
 .debug_aranges
                0x000008a0       0x60 ./USB_DEVICE/App/usbd_desc.o
 .debug_aranges
                0x00000900      0x118 ./USB_DEVICE/Target/usbd_conf.o

.debug_rnglists
                0x00000000      0x759
 .debug_rnglists
                0x00000000       0x26 ./Core/Src/main.o
 .debug_rnglists
                0x00000026       0x13 ./Core/Src/stm32f1xx_hal_msp.o
 .debug_rnglists
                0x00000039       0x49 ./Core/Src/stm32f1xx_it.o
 .debug_rnglists
                0x00000082       0x1a ./Core/Src/system_stm32f1xx.o
 .debug_rnglists
                0x0000009c       0x19 ./Core/Startup/startup_stm32f103c8tx.o
 .debug_rnglists
                0x000000b5       0xa3 ./Drivers/STM32F1xx_HAL_Driver/Src/stm32f1xx_hal.o
 .debug_rnglists
                0x00000158       0xbb ./Drivers/STM32F1xx_HAL_Driver/Src/stm32f1xx_hal_cortex.o
 .debug_rnglists
                0x00000213       0xf4 ./Drivers/STM32F1xx_HAL_Driver/Src/stm32f1xx_hal_pcd.o
 .debug_rnglists
                0x00000307       0x26 ./Drivers/STM32F1xx_HAL_Driver/Src/stm32f1xx_hal_pcd_ex.o
 .debug_rnglists
                0x0000032d       0x6c ./Drivers/STM32F1xx_HAL_Driver/Src/stm32f1xx_hal_rcc.o
 .debug_rnglists
                0x00000399       0x21 ./Drivers/STM32F1xx_HAL_Driver/Src/stm32f1xx_hal_rcc_ex.o
 .debug_rnglists
                0x000003ba       0xbd ./Drivers/STM32F1xx_HAL_Driver/Src/stm32f1xx_ll_usb.o
 .debug_rnglists
                0x00000477       0x6a ./Middlewares/ST/STM32_USB_Device_Library/Class/CDC/Src/usbd_cdc.o
 .debug_rnglists
                0x000004e1       0x89 ./Middlewares/ST/STM32_USB_Device_Library/Core/Src/usbd_core.o
 .debug_rnglists
                0x0000056a       0x68 ./Middlewares/ST/STM32_USB_Device_Library/Core/Src/usbd_ctlreq.o
 .debug_rnglists
                0x000005d2       0x37 ./Middlewares/ST/STM32_USB_Device_Library/Core/Src/usbd_ioreq.o
 .debug_rnglists
                0x00000609       0x13 ./USB_DEVICE/App/usb_device.o
 .debug_rnglists
                0x0000061c       0x2c ./USB_DEVICE/App/usbd_cdc_if.o
 .debug_rnglists
                0x00000648       0x43 ./USB_DEVICE/App/usbd_desc.o
 .debug_rnglists
                0x0000068b       0xce ./USB_DEVICE/Target/usbd_conf.o

.debug_macro    0x00000000    0x18e58
 .debug_macro   0x00000000      0x360 ./Core/Src/main.o
 .debug_macro   0x00000360      0xaa8 ./Core/Src/main.o
 .debug_macro   0x00000e08      0x215 ./Core/Src/main.o
 .debug_macro   0x0000101d       0x2e ./Core/Src/main.o
 .debug_macro   0x0000104b       0x22 ./Core/Src/main.o
 .debug_macro   0x0000106d       0x22 ./Core/Src/main.o
 .debug_macro   0x0000108f       0x8e ./Core/Src/main.o
 .debug_macro   0x0000111d       0x51 ./Core/Src/main.o
 .debug_macro   0x0000116e      0x103 ./Core/Src/main.o
 .debug_macro   0x00001271       0x6a ./Core/Src/main.o
 .debug_macro   0x000012db      0x1df ./Core/Src/main.o
 .debug_macro   0x000014ba       0x1c ./Core/Src/main.o
 .debug_macro   0x000014d6       0x22 ./Core/Src/main.o
 .debug_macro   0x000014f8       0xbd ./Core/Src/main.o
 .debug_macro   0x000015b5      0xd23 ./Core/Src/main.o
 .debug_macro   0x000022d8     0xe09e ./Core/Src/main.o
 .debug_macro   0x00010376       0x6d ./Core/Src/main.o
 .debug_macro   0x000103e3     0x348d ./Core/Src/main.o
 .debug_macro   0x00013870      0x189 ./Core/Src/main.o
 .debug_macro   0x000139f9       0x5c ./Core/Src/main.o
 .debug_macro   0x00013a55      0x5bc ./Core/Src/main.o
 .debug_macro   0x00014011      0x289 ./Core/Src/main.o
 .debug_macro   0x0001429a      0x1cb ./Core/Src/main.o
 .debug_macro   0x00014465      0x114 ./Core/Src/main.o
 .debug_macro   0x00014579      0x1b2 ./Core/Src/main.o
 .debug_macro   0x0001472b       0x27 ./Core/Src/main.o
 .debug_macro   0x00014752      0x136 ./Core/Src/main.o
 .debug_macro   0x00014888      0x1bc ./Core/Src/main.o
 .debug_macro   0x00014a44       0x34 ./Core/Src/main.o
 .debug_macro   0x00014a78       0x3c ./Core/Src/main.o
 .debug_macro   0x00014ab4       0x57 ./Core/Src/main.o
 .debug_macro   0x00014b0b       0x87 ./Core/Src/main.o
 .debug_macro   0x00014b92      0x240 ./Core/Src/main.o
 .debug_macro   0x00014dd2      0x140 ./Core/Src/main.o
 .debug_macro   0x00014f12       0xab ./Core/Src/main.o
 .debug_macro   0x00014fbd      0x242 ./Core/Src/main.o
 .debug_macro   0x000151ff       0x83 ./Core/Src/main.o
 .debug_macro   0x00015282       0x61 ./Core/Src/main.o
 .debug_macro   0x000152e3       0x24 ./Core/Src/main.o
 .debug_macro   0x00015307       0x43 ./Core/Src/main.o
 .debug_macro   0x0001534a       0x34 ./Core/Src/main.o
 .debug_macro   0x0001537e       0x16 ./Core/Src/main.o
 .debug_macro   0x00015394       0x35 ./Core/Src/main.o
 .debug_macro   0x000153c9      0x369 ./Core/Src/main.o
 .debug_macro   0x00015732       0x10 ./Core/Src/main.o
 .debug_macro   0x00015742       0x16 ./Core/Src/main.o
 .debug_macro   0x00015758       0x43 ./Core/Src/main.o
 .debug_macro   0x0001579b       0x34 ./Core/Src/main.o
 .debug_macro   0x000157cf       0x10 ./Core/Src/main.o
 .debug_macro   0x000157df       0x58 ./Core/Src/main.o
 .debug_macro   0x00015837       0x8e ./Core/Src/main.o
 .debug_macro   0x000158c5       0x1c ./Core/Src/main.o
 .debug_macro   0x000158e1      0x177 ./Core/Src/main.o
 .debug_macro   0x00015a58       0x16 ./Core/Src/main.o
 .debug_macro   0x00015a6e       0x16 ./Core/Src/main.o
 .debug_macro   0x00015a84      0x146 ./Core/Src/main.o
 .debug_macro   0x00015bca       0x16 ./Core/Src/main.o
 .debug_macro   0x00015be0       0x16 ./Core/Src/main.o
 .debug_macro   0x00015bf6       0x29 ./Core/Src/main.o
 .debug_macro   0x00015c1f       0x16 ./Core/Src/main.o
 .debug_macro   0x00015c35       0x20 ./Core/Src/main.o
 .debug_macro   0x00015c55       0x5f ./Core/Src/main.o
 .debug_macro   0x00015cb4      0x1c8 ./Core/Src/main.o
 .debug_macro   0x00015e7c       0x8f ./Core/Src/main.o
 .debug_macro   0x00015f0b       0x10 ./Core/Src/main.o
 .debug_macro   0x00015f1b      0x1b2 ./Core/Src/stm32f1xx_hal_msp.o
 .debug_macro   0x000160cd      0x1bc ./Core/Src/stm32f1xx_it.o
 .debug_macro   0x00016289      0x1a8 ./Core/Src/system_stm32f1xx.o
 .debug_macro   0x00016431      0x1cc ./Drivers/STM32F1xx_HAL_Driver/Src/stm32f1xx_hal.o
 .debug_macro   0x000165fd      0x1a8 ./Drivers/STM32F1xx_HAL_Driver/Src/stm32f1xx_hal_cortex.o
 .debug_macro   0x000167a5      0x1b4 ./Drivers/STM32F1xx_HAL_Driver/Src/stm32f1xx_hal_pcd.o
 .debug_macro   0x00016959      0x1a8 ./Drivers/STM32F1xx_HAL_Driver/Src/stm32f1xx_hal_pcd_ex.o
 .debug_macro   0x00016b01      0x1ba ./Drivers/STM32F1xx_HAL_Driver/Src/stm32f1xx_hal_rcc.o
 .debug_macro   0x00016cbb      0x1a8 ./Drivers/STM32F1xx_HAL_Driver/Src/stm32f1xx_hal_rcc_ex.o
 .debug_macro   0x00016e63      0x1a8 ./Drivers/STM32F1xx_HAL_Driver/Src/stm32f1xx_ll_usb.o
 .debug_macro   0x0001700b      0x341 ./Middlewares/ST/STM32_USB_Device_Library/Class/CDC/Src/usbd_cdc.o
 .debug_macro   0x0001734c       0x9e ./Middlewares/ST/STM32_USB_Device_Library/Class/CDC/Src/usbd_cdc.o
 .debug_macro   0x000173ea      0x10b ./Middlewares/ST/STM32_USB_Device_Library/Class/CDC/Src/usbd_cdc.o
 .debug_macro   0x000174f5       0x56 ./Middlewares/ST/STM32_USB_Device_Library/Class/CDC/Src/usbd_cdc.o
 .debug_macro   0x0001754b      0x328 ./Middlewares/ST/STM32_USB_Device_Library/Core/Src/usbd_core.o
 .debug_macro   0x00017873      0x1ce ./Middlewares/ST/STM32_USB_Device_Library/Core/Src/usbd_core.o
 .debug_macro   0x00017a41      0x332 ./Middlewares/ST/STM32_USB_Device_Library/Core/Src/usbd_ctlreq.o
 .debug_macro   0x00017d73      0x32e ./Middlewares/ST/STM32_USB_Device_Library/Core/Src/usbd_ioreq.o
 .debug_macro   0x000180a1      0x367 ./USB_DEVICE/App/usb_device.o
 .debug_macro   0x00018408       0x22 ./USB_DEVICE/App/usb_device.o
 .debug_macro   0x0001842a       0x16 ./USB_DEVICE/App/usb_device.o
 .debug_macro   0x00018440      0x34c ./USB_DEVICE/App/usbd_cdc_if.o
 .debug_macro   0x0001878c      0x365 ./USB_DEVICE/App/usbd_desc.o
 .debug_macro   0x00018af1       0x1c ./USB_DEVICE/App/usbd_desc.o
 .debug_macro   0x00018b0d      0x34b ./USB_DEVICE/Target/usbd_conf.o

.debug_line     0x00000000     0xda01
 .debug_line    0x00000000      0xa69 ./Core/Src/main.o
 .debug_line    0x00000a69      0x703 ./Core/Src/stm32f1xx_hal_msp.o
 .debug_line    0x0000116c      0x7dd ./Core/Src/stm32f1xx_it.o
 .debug_line    0x00001949      0x781 ./Core/Src/system_stm32f1xx.o
 .debug_line    0x000020ca       0x78 ./Core/Startup/startup_stm32f103c8tx.o
 .debug_line    0x00002142      0x9ae ./Drivers/STM32F1xx_HAL_Driver/Src/stm32f1xx_hal.o
 .debug_line    0x00002af0      0xb9a ./Drivers/STM32F1xx_HAL_Driver/Src/stm32f1xx_hal_cortex.o
 .debug_line    0x0000368a     0x1409 ./Drivers/STM32F1xx_HAL_Driver/Src/stm32f1xx_hal_pcd.o
 .debug_line    0x00004a93      0x77c ./Drivers/STM32F1xx_HAL_Driver/Src/stm32f1xx_hal_pcd_ex.o
 .debug_line    0x0000520f      0xdb7 ./Drivers/STM32F1xx_HAL_Driver/Src/stm32f1xx_hal_rcc.o
 .debug_line    0x00005fc6      0x8f8 ./Drivers/STM32F1xx_HAL_Driver/Src/stm32f1xx_hal_rcc_ex.o
 .debug_line    0x000068be     0x107f ./Drivers/STM32F1xx_HAL_Driver/Src/stm32f1xx_ll_usb.o
 .debug_line    0x0000793d      0xd06 ./Middlewares/ST/STM32_USB_Device_Library/Class/CDC/Src/usbd_cdc.o
 .debug_line    0x00008643      0xd82 ./Middlewares/ST/STM32_USB_Device_Library/Core/Src/usbd_core.o
 .debug_line    0x000093c5      0xfc2 ./Middlewares/ST/STM32_USB_Device_Library/Core/Src/usbd_ctlreq.o
 .debug_line    0x0000a387      0xa18 ./Middlewares/ST/STM32_USB_Device_Library/Core/Src/usbd_ioreq.o
 .debug_line    0x0000ad9f      0x9d8 ./USB_DEVICE/App/usb_device.o
 .debug_line    0x0000b777      0xa29 ./USB_DEVICE/App/usbd_cdc_if.o
 .debug_line    0x0000c1a0      0xaa1 ./USB_DEVICE/App/usbd_desc.o
 .debug_line    0x0000cc41      0xdc0 ./USB_DEVICE/Target/usbd_conf.o

.debug_str      0x00000000    0x841df
 .debug_str     0x00000000    0x81a5d ./Core/Src/main.o
                              0x81e12 (size before relaxing)
 .debug_str     0x00081a5d       0x5a ./Core/Src/stm32f1xx_hal_msp.o
                              0x7d662 (size before relaxing)
 .debug_str     0x00081ab7      0x408 ./Core/Src/stm32f1xx_it.o
                              0x7da36 (size before relaxing)
 .debug_str     0x00081ebf       0x7e ./Core/Src/system_stm32f1xx.o
                              0x7d68d (size before relaxing)
 .debug_str     0x00081f3d       0x44 ./Core/Startup/startup_stm32f103c8tx.o
                                 0x7c (size before relaxing)
 .debug_str     0x00081f81      0x607 ./Drivers/STM32F1xx_HAL_Driver/Src/stm32f1xx_hal.o
                              0x7ddc0 (size before relaxing)
 .debug_str     0x00082588      0x293 ./Drivers/STM32F1xx_HAL_Driver/Src/stm32f1xx_hal_cortex.o
                              0x7dd0c (size before relaxing)
 .debug_str     0x0008281b      0x5da ./Drivers/STM32F1xx_HAL_Driver/Src/stm32f1xx_hal_pcd.o
                              0x7df9f (size before relaxing)
 .debug_str     0x00082df5      0x170 ./Drivers/STM32F1xx_HAL_Driver/Src/stm32f1xx_hal_pcd_ex.o
                              0x7db01 (size before relaxing)
 .debug_str     0x00082f65      0x264 ./Drivers/STM32F1xx_HAL_Driver/Src/stm32f1xx_hal_rcc.o
                              0x7dabc (size before relaxing)
 .debug_str     0x000831c9       0x9f ./Drivers/STM32F1xx_HAL_Driver/Src/stm32f1xx_hal_rcc_ex.o
                              0x7d80c (size before relaxing)
 .debug_str     0x00083268      0x129 ./Drivers/STM32F1xx_HAL_Driver/Src/stm32f1xx_ll_usb.o
                              0x7db53 (size before relaxing)
 .debug_str     0x00083391      0x645 ./Middlewares/ST/STM32_USB_Device_Library/Class/CDC/Src/usbd_cdc.o
                              0x8254b (size before relaxing)
 .debug_str     0x000839d6      0x281 ./Middlewares/ST/STM32_USB_Device_Library/Core/Src/usbd_core.o
                              0x81e86 (size before relaxing)
 .debug_str     0x00083c57      0x120 ./Middlewares/ST/STM32_USB_Device_Library/Core/Src/usbd_ctlreq.o
                              0x81da0 (size before relaxing)
 .debug_str     0x00083d77       0x51 ./Middlewares/ST/STM32_USB_Device_Library/Core/Src/usbd_ioreq.o
                              0x81ccd (size before relaxing)
 .debug_str     0x00083dc8       0xc6 ./USB_DEVICE/App/usb_device.o
                              0x82058 (size before relaxing)
 .debug_str     0x00083e8e       0x84 ./USB_DEVICE/App/usbd_cdc_if.o
                              0x82093 (size before relaxing)
 .debug_str     0x00083f12      0x255 ./USB_DEVICE/App/usbd_desc.o
                              0x81c06 (size before relaxing)
 .debug_str     0x00084167       0x78 ./USB_DEVICE/Target/usbd_conf.o
                              0x82ad8 (size before relaxing)

.comment        0x00000000       0x43
 .comment       0x00000000       0x43 ./Core/Src/main.o
                                 0x44 (size before relaxing)
 .comment       0x00000043       0x44 ./Core/Src/stm32f1xx_hal_msp.o
 .comment       0x00000043       0x44 ./Core/Src/stm32f1xx_it.o
 .comment       0x00000043       0x44 ./Core/Src/system_stm32f1xx.o
 .comment       0x00000043       0x44 ./Drivers/STM32F1xx_HAL_Driver/Src/stm32f1xx_hal.o
 .comment       0x00000043       0x44 ./Drivers/STM32F1xx_HAL_Driver/Src/stm32f1xx_hal_cortex.o
 .comment       0x00000043       0x44 ./Drivers/STM32F1xx_HAL_Driver/Src/stm32f1xx_hal_pcd.o
 .comment       0x00000043       0x44 ./Drivers/STM32F1xx_HAL_Driver/Src/stm32f1xx_hal_pcd_ex.o
 .comment       0x00000043       0x44 ./Drivers/STM32F1xx_HAL_Driver/Src/stm32f1xx_hal_rcc.o
 .comment       0x00000043       0x44 ./Drivers/STM32F1xx_HAL_Driver/Src/stm32f1xx_hal_rcc_ex.o
 .comment       0x00000043       0x44 ./Drivers/STM32F1xx_HAL_Driver/Src/stm32f1xx_ll_usb.o
 .comment       0x00000043       0x44 ./Middlewares/ST/STM32_USB_Device_Library/Class/CDC/Src/usbd_cdc.o
 .comment       0x00000043       0x44 ./Middlewares/ST/STM32_USB_Device_Library/Core/Src/usbd_core.o
 .comment       0x00000043       0x44 ./Middlewares/ST/STM32_USB_Device_Library/Core/Src/usbd_ctlreq.o
 .comment       0x00000043       0x44 ./Middlewares/ST/STM32_USB_Device_Library/Core/Src/usbd_ioreq.o
 .comment       0x00000043       0x44 ./USB_DEVICE/App/usb_device.o
 .comment       0x00000043       0x44 ./USB_DEVICE/App/usbd_cdc_if.o
 .comment       0x00000043       0x44 ./USB_DEVICE/App/usbd_desc.o
 .comment       0x00000043       0x44 ./USB_DEVICE/Target/usbd_conf.o

.debug_frame    0x00000000     0x26c4
 .debug_frame   0x00000000       0x90 ./Core/Src/main.o
 .debug_frame   0x00000090       0x38 ./Core/Src/stm32f1xx_hal_msp.o
 .debug_frame   0x000000c8      0x120 ./Core/Src/stm32f1xx_it.o
 .debug_frame   0x000001e8       0x58 ./Core/Src/system_stm32f1xx.o
 .debug_frame   0x00000240      0x334 ./Drivers/STM32F1xx_HAL_Driver/Src/stm32f1xx_hal.o
 .debug_frame   0x00000574      0x428 ./Drivers/STM32F1xx_HAL_Driver/Src/stm32f1xx_hal_cortex.o
 .debug_frame   0x0000099c      0x59c ./Drivers/STM32F1xx_HAL_Driver/Src/stm32f1xx_hal_pcd.o
 .debug_frame   0x00000f38       0xb0 ./Drivers/STM32F1xx_HAL_Driver/Src/stm32f1xx_hal_pcd_ex.o
 .debug_frame   0x00000fe8      0x218 ./Drivers/STM32F1xx_HAL_Driver/Src/stm32f1xx_hal_rcc.o
 .debug_frame   0x00001200       0x80 ./Drivers/STM32F1xx_HAL_Driver/Src/stm32f1xx_hal_rcc_ex.o
 .debug_frame   0x00001280      0x478 ./Drivers/STM32F1xx_HAL_Driver/Src/stm32f1xx_ll_usb.o
 .debug_frame   0x000016f8      0x248 ./Middlewares/ST/STM32_USB_Device_Library/Class/CDC/Src/usbd_cdc.o
 .debug_frame   0x00001940      0x300 ./Middlewares/ST/STM32_USB_Device_Library/Core/Src/usbd_core.o
 .debug_frame   0x00001c40      0x218 ./Middlewares/ST/STM32_USB_Device_Library/Core/Src/usbd_ctlreq.o
 .debug_frame   0x00001e58      0x10c ./Middlewares/ST/STM32_USB_Device_Library/Core/Src/usbd_ioreq.o
 .debug_frame   0x00001f64       0x2c ./USB_DEVICE/App/usb_device.o
 .debug_frame   0x00001f90       0xbc ./USB_DEVICE/App/usbd_cdc_if.o
 .debug_frame   0x0000204c      0x160 ./USB_DEVICE/App/usbd_desc.o
 .debug_frame   0x000021ac      0x4a4 ./USB_DEVICE/Target/usbd_conf.o
 .debug_frame   0x00002650       0x20 C:/ST/STM32CubeIDE_1.15.1/STM32CubeIDE/plugins/com.st.stm32cube.ide.mcu.externaltools.gnu-tools-for-stm32.12.3.rel1.win32_1.0.100.202403111256/tools/bin/../lib/gcc/arm-none-eabi/12.3.1/../../../../arm-none-eabi/lib/thumb/v7-m/nofp\libc_nano.a(libc_a-memset.o)
 .debug_frame   0x00002670       0x2c C:/ST/STM32CubeIDE_1.15.1/STM32CubeIDE/plugins/com.st.stm32cube.ide.mcu.externaltools.gnu-tools-for-stm32.12.3.rel1.win32_1.0.100.202403111256/tools/bin/../lib/gcc/arm-none-eabi/12.3.1/../../../../arm-none-eabi/lib/thumb/v7-m/nofp\libc_nano.a(libc_a-init.o)
 .debug_frame   0x0000269c       0x28 C:/ST/STM32CubeIDE_1.15.1/STM32CubeIDE/plugins/com.st.stm32cube.ide.mcu.externaltools.gnu-tools-for-stm32.12.3.rel1.win32_1.0.100.202403111256/tools/bin/../lib/gcc/arm-none-eabi/12.3.1/../../../../arm-none-eabi/lib/thumb/v7-m/nofp\libc_nano.a(libc_a-memcpy-stub.o)

.debug_line_str
                0x00000000       0x60
 .debug_line_str
                0x00000000       0x60 ./Core/Startup/startup_stm32f103c8tx.o
